Archive member included to satisfy reference by file (symbol)

build/cooja/mtype784.a(simEnvChange.o)
                              build/cooja/mtype784.o (simDontFallAsleep)
build/cooja/mtype784.a(cooja_mt.o)
                              build/cooja/mtype784.o (cooja_mt_start)
build/cooja/mtype784.a(cooja_mtarch.o)
                              build/cooja/mtype784.a(cooja_mt.o) (cooja_mtarch_start)
build/cooja/mtype784.a(rtimer-arch.o)
                              build/cooja/mtype784.o (rtimer_arch_check)
build/cooja/mtype784.a(beep.o)
                              build/cooja/mtype784.o (beep_interface)
build/cooja/mtype784.a(leds-arch.o)
                              build/cooja/mtype784.o (leds_interface)
build/cooja/mtype784.a(moteid.o)
                              build/cooja/mtype784.o (moteid_interface)
build/cooja/mtype784.a(pir-sensor.o)
                              build/cooja/mtype784.o (pir_interface)
build/cooja/mtype784.a(rs232.o)
                              build/cooja/mtype784.o (rs232_interface)
build/cooja/mtype784.a(vib-sensor.o)
                              build/cooja/mtype784.o (vib_interface)
build/cooja/mtype784.a(clock.o)
                              build/cooja/mtype784.o (clock_interface)
build/cooja/mtype784.a(cooja-log.o)
                              build/cooja/mtype784.o (simlog_interface)
build/cooja/mtype784.a(cfs-cooja.o)
                              build/cooja/mtype784.o (cfs_interface)
build/cooja/mtype784.a(cooja-radio.o)
                              build/cooja/mtype784.o (radio_interface)
build/cooja/mtype784.a(eeprom.o)
                              build/cooja/mtype784.o (eeprom_interface)
build/cooja/mtype784.a(random.o)
                              build/cooja/mtype784.a(moteid.o) (random_init)
build/cooja/mtype784.a(sensors.o)
                              build/cooja/mtype784.a(pir-sensor.o) (sensors_changed)
build/cooja/mtype784.a(leds.o)
                              cool_node.o (leds_set)
build/cooja/mtype784.a(gpio-hal-arch.o)
                              build/cooja/mtype784.a(leds-arch.o) (gpio_hal_arch_register_pin_callback)
build/cooja/mtype784.a(buttons.o)
                              build/cooja/mtype784.o (button_interface)
build/cooja/mtype784.a(res_cooler.o)
                              cool_node.o (forced_cooling)
build/cooja/mtype784.a(res_temperature)
                              build/cooja/mtype784.a(res_cooler.o) (temperature)
build/cooja/mtype784.a(coap-blocking-a)
                              cool_node.o (coap_blocking_request)
build/cooja/mtype784.a(coap-engine.o)
                              cool_node.o (coap_activate_resource)
build/cooja/mtype784.a(coap-res-well-k)
                              build/cooja/mtype784.a(coap-engine.o) (res_well_known_core)
build/cooja/mtype784.a(coap-observe.o)
                              build/cooja/mtype784.a(coap-engine.o) (coap_remove_observer_by_mid)
build/cooja/mtype784.a(coap-uip.o)
                              build/cooja/mtype784.a(coap-observe.o) (coap_endpoint_copy)
build/cooja/mtype784.a(coap-timer.o)
                              build/cooja/mtype784.a(coap-engine.o) (coap_timer_set)
build/cooja/mtype784.a(coap-transactio)
                              build/cooja/mtype784.a(coap-blocking-a) (coap_send_transaction)
build/cooja/mtype784.a(coap.o)
                              build/cooja/mtype784.a(coap-engine.o) (coap_status_code)
build/cooja/mtype784.a(contiki-main.o)
                              build/cooja/mtype784.o (main)
build/cooja/mtype784.a(autostart.o)
                              build/cooja/mtype784.a(contiki-main.o) (autostart_start)
build/cooja/mtype784.a(ctimer.o)
                              build/cooja/mtype784.a(contiki-main.o) (ctimer_init)
build/cooja/mtype784.a(log.o)
                              build/cooja/mtype784.a(contiki-main.o) (curr_log_level_main)
build/cooja/mtype784.a(energest.o)
                              build/cooja/mtype784.a(contiki-main.o) (energest_init)
build/cooja/mtype784.a(etimer.o)
                              build/cooja/mtype784.a(contiki-main.o) (etimer_process)
build/cooja/mtype784.a(node-id.o)
                              build/cooja/mtype784.a(contiki-main.o) (node_id)
build/cooja/mtype784.a(rtimer.o)
                              build/cooja/mtype784.a(contiki-main.o) (rtimer_init)
build/cooja/mtype784.a(process.o)
                              build/cooja/mtype784.a(coap-blocking-a) (process_current)
build/cooja/mtype784.a(timer.o)
                              build/cooja/mtype784.a(etimer.o) (timer_set)
build/cooja/mtype784.a(list.o)
                              build/cooja/mtype784.a(coap-engine.o) (list_init)
build/cooja/mtype784.a(memb.o)
                              build/cooja/mtype784.a(coap-observe.o) (memb_alloc)
build/cooja/mtype784.a(button-hal.o)
                              cool_node.o (button_hal_press_event)
build/cooja/mtype784.a(serial-line.o)
[...]
Memory Configuration

Name             Origin             Length             Attributes
*default*        0x0000000000000000 0xffffffffffffffff

Linker script and memory map

LOAD /usr/lib/gcc/i686-linux-gnu/5/../../../i386-linux-gnu/crti.o
LOAD /usr/lib/gcc/i686-linux-gnu/5/crtbeginS.o
LOAD cool_node.o
LOAD build/cooja/mtype784.o
LOAD build/cooja/mtype784.a
LOAD /usr/lib/gcc/i686-linux-gnu/5/libgcc.a
LOAD /usr/lib/gcc/i686-linux-gnu/5/libgcc_s.so
LOAD /usr/lib/gcc/i686-linux-gnu/5/../../../i386-linux-gnu/libc.so
START GROUP
LOAD /lib/i386-linux-gnu/libc.so.6
LOAD /usr/lib/i386-linux-gnu/libc_nonshared.a
LOAD /lib/i386-linux-gnu/ld-linux.so.2
END GROUP
LOAD /usr/lib/gcc/i686-linux-gnu/5/libgcc.a
LOAD /usr/lib/gcc/i686-linux-gnu/5/libgcc_s.so
LOAD /usr/lib/gcc/i686-linux-gnu/5/crtendS.o
LOAD /usr/lib/gcc/i686-linux-gnu/5/../../../i386-linux-gnu/crtn.o
                0x0000000000000114                . = (0x0 + SIZEOF_HEADERS)

.note.gnu.build-id
                0x0000000000000114       0x24
 *(.note.gnu.build-id)
 .note.gnu.build-id
                0x0000000000000114       0x24 /usr/lib/gcc/i686-linux-gnu/5/../../../i386-linux-gnu/crti.o

.hash
 *(.hash)

.gnu.hash       0x0000000000000138     0x15b0
 *(.gnu.hash)
 .gnu.hash      0x0000000000000138     0x15b0 /usr/lib/gcc/i686-linux-gnu/5/../../../i386-linux-gnu/crti.o

.dynsym         0x00000000000016e8     0x2f70
 *(.dynsym)
 .dynsym        0x00000000000016e8     0x2f70 /usr/lib/gcc/i686-linux-gnu/5/../../../i386-linux-gnu/crti.o

.dynstr         0x0000000000004658     0x36f7
 *(.dynstr)
 .dynstr        0x0000000000004658     0x36f7 /usr/lib/gcc/i686-linux-gnu/5/../../../i386-linux-gnu/crti.o

.gnu.version    0x0000000000007d50      0x5ee
 *(.gnu.version)
 .gnu.version   0x0000000000007d50      0x5ee /usr/lib/gcc/i686-linux-gnu/5/../../../i386-linux-gnu/crti.o

.gnu.version_d  0x0000000000008340        0x0
 *(.gnu.version_d)
 .gnu.version_d
                0x0000000000008340        0x0 /usr/lib/gcc/i686-linux-gnu/5/../../../i386-linux-gnu/crti.o

.gnu.version_r  0x0000000000008340       0x40
 *(.gnu.version_r)
 .gnu.version_r
                0x0000000000008340       0x40 /usr/lib/gcc/i686-linux-gnu/5/../../../i386-linux-gnu/crti.o

.rel.dyn        0x0000000000008380     0x9418
 *(.rel.init)
 .rel.init      0x0000000000008380        0x0 /usr/lib/gcc/i686-linux-gnu/5/../../../i386-linux-gnu/crti.o
 *(.rel.text .rel.text.* .rel.gnu.linkonce.t.*)
 .rel.text      0x0000000000008380     0x8a48 /usr/lib/gcc/i686-linux-gnu/5/../../../i386-linux-gnu/crti.o
 *(.rel.fini)
 .rel.fini      0x0000000000010dc8        0x0 /usr/lib/gcc/i686-linux-gnu/5/../../../i386-linux-gnu/crti.o
 *(.rel.rodata .rel.rodata.* .rel.gnu.linkonce.r.*)
 .rel.rodata    0x0000000000010dc8      0x588 /usr/lib/gcc/i686-linux-gnu/5/../../../i386-linux-gnu/crti.o
 *(.rel.data.rel.ro .rel.data.rel.ro.* .rel.gnu.linkonce.d.rel.ro.*)
 *(.rel.data .rel.data.* .rel.gnu.linkonce.d.*)
 .rel.data.rel.local
                0x0000000000011350        0x8 /usr/lib/gcc/i686-linux-gnu/5/../../../i386-linux-gnu/crti.o
 .rel.data      0x0000000000011358      0x408 /usr/lib/gcc/i686-linux-gnu/5/../../../i386-linux-gnu/crti.o
 *(.rel.tdata .rel.tdata.* .rel.gnu.linkonce.td.*)
 *(.rel.tbss .rel.tbss.* .rel.gnu.linkonce.tb.*)
 *(.rel.ctors)
 *(.rel.dtors)
 *(.rel.got)
 .rel.got       0x0000000000011760       0x28 /usr/lib/gcc/i686-linux-gnu/5/../../../i386-linux-gnu/crti.o
 *(.rel.bss .rel.bss.* .rel.gnu.linkonce.b.*)
 *(.rel.ifunc)
 .rel.ifunc     0x0000000000011788        0x0 /usr/lib/gcc/i686-linux-gnu/5/../../../i386-linux-gnu/crti.o
 .rel.fini_array
                0x0000000000011788        0x8 /usr/lib/gcc/i686-linux-gnu/5/../../../i386-linux-gnu/crti.o
 .rel.init_array
                0x0000000000011790        0x8 /usr/lib/gcc/i686-linux-gnu/5/../../../i386-linux-gnu/crti.o

.rel.plt        0x0000000000011798        0x0
 *(.rel.plt)
 .rel.plt       0x0000000000011798        0x0 /usr/lib/gcc/i686-linux-gnu/5/../../../i386-linux-gnu/crti.o
 *(.rel.iplt)

.init           0x0000000000011798       0x23
 *(SORT(.init))
 .init          0x0000000000011798       0x1e /usr/lib/gcc/i686-linux-gnu/5/../../../i386-linux-gnu/crti.o
                0x0000000000011798                _init
 .init          0x00000000000117b6        0x5 /usr/lib/gcc/i686-linux-gnu/5/../../../i386-linux-gnu/crtn.o

.plt            0x00000000000117c0       0x10
 *(.plt)
 .plt           0x00000000000117c0       0x10 /usr/lib/gcc/i686-linux-gnu/5/../../../i386-linux-gnu/crti.o
 *(.iplt)

.plt.got        0x00000000000117d0       0x10
 *(.plt.got)
 .plt.got       0x00000000000117d0       0x10 /usr/lib/gcc/i686-linux-gnu/5/../../../i386-linux-gnu/crti.o

.text           0x00000000000117e0    0x189d2
 *(.text.unlikely .text.*_unlikely .text.unlikely.*)
 .text.unlikely
                0x00000000000117e0        0x0 /usr/lib/gcc/i686-linux-gnu/5/crtbeginS.o
 .text.unlikely
                0x00000000000117e0        0x0 /usr/lib/gcc/i686-linux-gnu/5/libgcc.a(_udivdi3.o)
 *(.text.exit .text.exit.*)
 *(.text.startup .text.startup.*)
 *(.text.hot .text.hot.*)
 *(.text .stub .text.* .gnu.linkonce.t.*)
 .text          0x00000000000117e0        0x0 /usr/lib/gcc/i686-linux-gnu/5/../../../i386-linux-gnu/crti.o
 .gnu.linkonce.t.__x86.get_pc_thunk.bx
                0x00000000000117e0        0x4 /usr/lib/gcc/i686-linux-gnu/5/../../../i386-linux-gnu/crti.o
                0x00000000000117e0                __x86.get_pc_thunk.bx
 *fill*         0x00000000000117e4        0xc 
 .text          0x00000000000117f0      0x11c /usr/lib/gcc/i686-linux-gnu/5/crtbeginS.o
 .text.__x86.get_pc_thunk.dx
                0x000000000001190c        0x4 /usr/lib/gcc/i686-linux-gnu/5/crtbeginS.o
                0x000000000001190c                __x86.get_pc_thunk.dx
 .text          0x0000000000011910      0x291 cool_node.o
                0x0000000000011910                client_chunk_handler
 .text          0x0000000000011ba1      0x283 build/cooja/mtype784.o
                0x0000000000011c33                platform_init_stage_one
                0x0000000000011c46                platform_init_stage_two
                0x0000000000011c59                platform_init_stage_three
                0x0000000000011c6c                platform_main_loop
                0x0000000000011cdf                Java_org_contikios_cooja_corecomm_Lib64_init
                0x0000000000011d16                Java_org_contikios_cooja_corecomm_Lib64_getMemory
                0x0000000000011d49                Java_org_contikios_cooja_corecomm_Lib64_setMemory
                0x0000000000011da9                Java_org_contikios_cooja_corecomm_Lib64_tick
                0x0000000000011e11                Java_org_contikios_cooja_corecomm_Lib64_setReferenceAddress
 .text          0x0000000000011e24       0x65 build/cooja/mtype784.a(simEnvChange.o)
                0x0000000000011e24                doActionsBeforeTick
                0x0000000000011e56                doActionsAfterTick
 .text          0x0000000000011e89       0x83 build/cooja/mtype784.a(cooja_mt.o)
                0x0000000000011e89                cooja_mt_start
                0x0000000000011eb3                cooja_mt_exec
                0x0000000000011ee9                cooja_mt_yield
 .text          0x0000000000011f0c       0xbe build/cooja/mtype784.a(cooja_mtarch.o)
                0x0000000000011f0c                cooja_mtarch_start
                0x0000000000011f7f                cooja_sw
                0x0000000000011fa2                cooja_mtarch_exec
                0x0000000000011fbf                cooja_mtarch_yield
 .text          0x0000000000011fca       0xc5 build/cooja/mtype784.a(rtimer-arch.o)
                0x0000000000011fca                rtimer_arch_init
                0x0000000000011fee                rtimer_arch_schedule
                0x000000000001201e                rtimer_arch_next
                0x000000000001202e                rtimer_arch_pending
                0x0000000000012038                rtimer_arch_check
                0x000000000001207f                rtimer_arch_now
 .text          0x000000000001208f       0x81 build/cooja/mtype784.a(beep.o)
                0x000000000001208f                beep_alarm
                0x000000000001209c                beep_beep
                0x00000000000120a9                beep
                0x00000000000120b6                beep_down
                0x00000000000120c3                beep_on
                0x00000000000120d0                beep_off
                0x00000000000120dd                beep_spinup
                0x00000000000120ea                beep_quick
                0x00000000000120f7                beep_long
 .text          0x0000000000012110       0x65 build/cooja/mtype784.a(leds-arch.o)
                0x0000000000012123                leds_arch_init
 .text          0x0000000000012175       0x35 build/cooja/mtype784.a(moteid.o)
 .text          0x00000000000121aa       0xb7 build/cooja/mtype784.a(pir-sensor.o)
 .text          0x0000000000012261      0x148 build/cooja/mtype784.a(rs232.o)
                0x0000000000012261                rs232_init
                0x0000000000012267                rs232_set_speed
                0x0000000000012276                rs232_set_input
                0x0000000000012284                rs232_send
                0x00000000000122a8                rs232_print
                0x00000000000122c4                slip_arch_writeb
 .text          0x00000000000123a9       0xb7 build/cooja/mtype784.a(vib-sensor.o)
 .text          0x0000000000012460       0x38 build/cooja/mtype784.a(clock.o)
                0x0000000000012460                clock_init
                0x0000000000012466                clock_time
                0x0000000000012470                clock_seconds
                0x0000000000012486                clock_delay
 .text          0x0000000000012498      0x219 build/cooja/mtype784.a(cooja-log.o)
                0x0000000000012498                simlog_char
                0x00000000000124db                simlog
                0x0000000000012551                log_message
                0x0000000000012582                log_set_putchar_with_slip
                0x0000000000012590                log_putchar
                0x000000000001260b                log_puts
                0x0000000000012633                log_printf
 .text          0x00000000000126b1      0x2b9 build/cooja/mtype784.a(cfs-cooja.o)
                0x00000000000126b1                cfs_open
                0x000000000001271a                cfs_close
                0x0000000000012727                cfs_read
                0x00000000000127bc                cfs_write
                0x0000000000012898                cfs_seek
                0x0000000000012920                cfs_remove
                0x0000000000012944                cfs_opendir
                0x000000000001294e                cfs_readdir
                0x0000000000012958                cfs_closedir
 .text          0x000000000001296a      0x620 build/cooja/mtype784.a(cooja-radio.o)
                0x00000000000129ac                radio_set_channel
                0x00000000000129ba                radio_set_txpower
                0x00000000000129d2                radio_signal_strength_last
                0x00000000000129dc                radio_signal_strength_current
                0x00000000000129e6                radio_LQI
 .text          0x0000000000012f8a       0xee build/cooja/mtype784.a(eeprom.o)
                0x0000000000012f8a                eeprom_init
                0x0000000000012f90                eeprom_read
                0x0000000000012ffe                eeprom_write
 .text          0x0000000000013078       0x2d build/cooja/mtype784.a(random.o)
                0x0000000000013078                random_init
                0x0000000000013098                random_rand
 .text          0x00000000000130a5      0x29c build/cooja/mtype784.a(sensors.o)
                0x00000000000130e0                sensors_first
                0x00000000000130ea                sensors_next
                0x0000000000013104                sensors_changed
                0x0000000000013138                sensors_find
 .text          0x0000000000013341      0x349 build/cooja/mtype784.a(leds.o)
                0x0000000000013341                leds_init
                0x0000000000013388                leds_single_on
                0x00000000000133e7                leds_single_off
                0x0000000000013446                leds_single_toggle
                0x0000000000013478                leds_on
                0x00000000000134fa                leds_off
                0x000000000001357c                leds_toggle
                0x00000000000135d1                leds_set
                0x00000000000135fd                leds_get
 .text          0x000000000001368a      0x343 build/cooja/mtype784.a(gpio-hal-arch.o)
                0x000000000001368a                gpio_hal_arch_register_pin_callback
                0x00000000000136f6                gpio_hal_arch_init
                0x000000000001373b                gpio_hal_arch_no_port_interrupt_enable
                0x000000000001376b                gpio_hal_arch_no_port_interrupt_disable
                0x000000000001379b                gpio_hal_arch_no_port_pin_cfg_set
                0x00000000000137c0                gpio_hal_arch_no_port_pin_cfg_get
                0x00000000000137e6                gpio_hal_arch_no_port_pin_set_input
                0x00000000000137f8                gpio_hal_arch_no_port_pin_set_output
                0x000000000001380a                gpio_hal_arch_no_port_set_pin
                0x000000000001382b                gpio_hal_arch_no_port_clear_pin
                0x000000000001384c                gpio_hal_arch_no_port_read_pin
                0x0000000000013872                gpio_hal_arch_no_port_write_pin
                0x000000000001389c                gpio_hal_arch_no_port_set_pins
                0x00000000000138e3                gpio_hal_arch_no_port_clear_pins
                0x000000000001392a                gpio_hal_arch_no_port_read_pins
                0x000000000001396d                gpio_hal_arch_no_port_write_pins
 .text          0x00000000000139cd       0x89 build/cooja/mtype784.a(buttons.o)
 .text          0x0000000000013a56      0x368 build/cooja/mtype784.a(res_cooler.o)
 .text          0x0000000000013dbe      0x317 build/cooja/mtype784.a(res_temperature)
 .text          0x00000000000140d5      0x27b build/cooja/mtype784.a(coap-blocking-a)
                0x00000000000140d5                coap_blocking_request_callback
                0x00000000000140ff                coap_blocking_request
 .text          0x0000000000014350      0xbea build/cooja/mtype784.a(coap-engine.o)
                0x00000000000143e5                coap_add_handler
                0x0000000000014402                coap_remove_handler
                0x000000000001441f                coap_call_handlers
                0x0000000000014527                coap_receive
                0x0000000000014b22                coap_engine_init
                0x0000000000014b80                coap_activate_resource
                0x0000000000014c2b                coap_get_first_resource
                0x0000000000014c44                coap_get_next_resource
 .text          0x0000000000014f3a      0x2d9 build/cooja/mtype784.a(coap-res-well-k)
 .text          0x0000000000015213      0x96a build/cooja/mtype784.a(coap-observe.o)
                0x0000000000015328                coap_remove_observer
                0x0000000000015358                coap_remove_observer_by_client
                0x00000000000153c0                coap_remove_observer_by_token
                0x0000000000015453                coap_remove_observer_by_uri
                0x00000000000154fa                coap_remove_observer_by_mid
                0x0000000000015576                coap_notify_observers
                0x000000000001558f                coap_notify_observers_sub
                0x00000000000159f9                coap_observe_handler
                0x0000000000015b14                coap_has_observers
 .text          0x0000000000015b7d      0x733 build/cooja/mtype784.a(coap-uip.o)
                0x0000000000015b7d                coap_endpoint_log
                0x0000000000015c03                coap_endpoint_print
                0x0000000000015c89                coap_endpoint_snprint
                0x0000000000015dbc                coap_endpoint_copy
                0x0000000000015df9                coap_endpoint_cmp
                0x0000000000015f07                coap_endpoint_parse
                0x00000000000160f2                coap_endpoint_is_secure
                0x0000000000016101                coap_endpoint_is_connected
                0x0000000000016135                coap_endpoint_connect
                0x0000000000016151                coap_endpoint_disconnect
                0x0000000000016157                coap_databuf
                0x0000000000016161                coap_transport_init
                0x00000000000161b1                coap_sendto
 .text          0x00000000000162b0      0x324 build/cooja/mtype784.a(coap-timer.o)
                0x00000000000163ad                coap_timer_stop
                0x00000000000163d8                coap_timer_set
                0x000000000001641b                coap_timer_reset
                0x000000000001645e                coap_timer_time_to_next_expiration
                0x00000000000164ca                coap_timer_run
                0x0000000000016596                coap_timer_init
 .text          0x00000000000165d4      0x2c6 build/cooja/mtype784.a(coap-transactio)
                0x000000000001663a                coap_new_transaction
                0x00000000000166a0                coap_send_transaction
                0x0000000000016801                coap_clear_transaction
                0x0000000000016849                coap_get_transaction_by_mid
 .text          0x000000000001689a     0x1c53 build/cooja/mtype784.a(coap.o)
                0x0000000000016e07                coap_init_connection
                0x0000000000016e1b                coap_get_mid
                0x0000000000016e37                coap_init_message
                0x0000000000016e80                coap_serialize_message
                0x0000000000017502                coap_parse_message
                0x0000000000017b69                coap_get_query_variable
                0x0000000000017bab                coap_get_post_variable
                0x0000000000017bef                coap_set_status_code
                0x0000000000017c14                coap_set_token
                0x0000000000017c5b                coap_get_header_content_format
                0x0000000000017c8c                coap_set_header_content_format
                0x0000000000017caf                coap_get_header_accept
                0x0000000000017ce0                coap_set_header_accept
                0x0000000000017d03                coap_get_header_max_age
                0x0000000000017d34                coap_set_header_max_age
                0x0000000000017d54                coap_get_header_etag
                0x0000000000017d86                coap_set_header_etag
                0x0000000000017ddd                coap_get_header_if_match
                0x0000000000017e0f                coap_set_header_if_match
                0x0000000000017e66                coap_get_header_if_none_match
                0x0000000000017e80                coap_set_header_if_none_match
                0x0000000000017e97                coap_get_header_proxy_uri
                0x0000000000017ec5                coap_set_header_proxy_uri
                0x0000000000017f02                coap_get_header_uri_host
                0x0000000000017f30                coap_set_header_uri_host
                0x0000000000017f6d                coap_get_header_uri_path
                0x0000000000017f9b                coap_set_header_uri_path
                0x0000000000017fe8                coap_get_header_uri_query
                0x000000000001801c                coap_set_header_uri_query
                0x0000000000018072                coap_get_header_location_path
                0x00000000000180a0                coap_set_header_location_path
                0x0000000000018139                coap_get_header_location_query
                0x0000000000018167                coap_set_header_location_query
                0x00000000000181b4                coap_get_header_observe
                0x00000000000181e3                coap_set_header_observe
                0x0000000000018203                coap_get_header_block2
                0x000000000001826f                coap_set_header_block2
                0x00000000000182e6                coap_get_header_block1
                0x000000000001835b                coap_set_header_block1
                0x00000000000183d6                coap_get_header_size2
                0x0000000000018406                coap_set_header_size2
                0x0000000000018429                coap_get_header_size1
                0x0000000000018459                coap_set_header_size1
                0x000000000001847c                coap_get_payload
                0x00000000000184b6                coap_set_payload
 .text          0x00000000000184ed      0x332 build/cooja/mtype784.a(contiki-main.o)
                0x00000000000184ed                main
 .text          0x000000000001881f       0x92 build/cooja/mtype784.a(autostart.o)
                0x000000000001881f                autostart_start
                0x0000000000018869                autostart_exit
 .text          0x00000000000188b1      0x355 build/cooja/mtype784.a(ctimer.o)
                0x00000000000189d9                ctimer_init
                0x0000000000018a0c                ctimer_set
                0x0000000000018a32                ctimer_set_with_process
                0x0000000000018aaf                ctimer_reset
                0x0000000000018b03                ctimer_restart
                0x0000000000018b57                ctimer_stop
                0x0000000000018ba7                ctimer_expired
 .text          0x0000000000018c06      0x394 build/cooja/mtype784.a(log.o)
                0x0000000000018c06                log_6addr
                0x0000000000018c59                log_6addr_compact_snprint
                0x0000000000018cf7                log_6addr_compact
                0x0000000000018d4a                log_lladdr
                0x0000000000018dbc                log_lladdr_compact
                0x0000000000018e24                log_set_level
                0x0000000000018edf                log_get_level
                0x0000000000018f58                log_level_to_str
 .text          0x0000000000018f9a       0x1b build/cooja/mtype784.a(energest.o)
                0x0000000000018f9a                energest_init
                0x0000000000018fa0                energest_flush
                0x0000000000018fa6                energest_get_total_time
 .text          0x0000000000018fb5      0x43f build/cooja/mtype784.a(etimer.o)
                0x00000000000191d9                etimer_request_poll
                0x0000000000019262                etimer_set
                0x000000000001928b                etimer_reset_with_new_interval
                0x00000000000192ba                etimer_reset
                0x00000000000192e0                etimer_restart
                0x0000000000019306                etimer_adjust
                0x0000000000019323                etimer_expired
                0x0000000000019336                etimer_expiration_time
                0x0000000000019348                etimer_start_time
                0x0000000000019352                etimer_pending
                0x0000000000019364                etimer_next_expiration_time
                0x000000000001937e                etimer_stop
 .text          0x00000000000193f4       0x25 build/cooja/mtype784.a(node-id.o)
                0x00000000000193f4                node_id_init
 .text          0x0000000000019419       0xeb build/cooja/mtype784.a(rtimer.o)
                0x0000000000019419                rtimer_init
                0x0000000000019427                rtimer_set
                0x00000000000194a2                rtimer_run_next
 .text          0x0000000000019504      0x4fb build/cooja/mtype784.a(process.o)
                0x0000000000019504                process_alloc_event
                0x0000000000019519                process_start
                0x00000000000196f3                process_exit
                0x0000000000019710                process_init
                0x00000000000198a5                process_run
                0x00000000000198d8                process_nevents
                0x00000000000198f3                process_post
                0x0000000000019986                process_post_synch
                0x00000000000199bb                process_poll
                0x00000000000199eb                process_is_running
 .text          0x00000000000199ff       0xb1 build/cooja/mtype784.a(timer.o)
                0x00000000000199ff                timer_set
                0x0000000000019a1d                timer_reset
                0x0000000000019a4a                timer_restart
                0x0000000000019a5f                timer_expired
                0x0000000000019a8c                timer_remaining
 .text          0x0000000000019ab0      0x28f build/cooja/mtype784.a(list.o)
                0x0000000000019ab0                list_init
                0x0000000000019abf                list_head
                0x0000000000019ac9                list_copy
                0x0000000000019ad9                list_tail
                0x0000000000019b0f                list_add
                0x0000000000019b5b                list_push
                0x0000000000019b87                list_chop
                0x0000000000019bf1                list_pop
                0x0000000000019c19                list_remove
                0x0000000000019c81                list_length
                0x0000000000019caf                list_insert
                0x0000000000019cf4                list_item_next
                0x0000000000019d0b                list_contains
 .text          0x0000000000019d3f      0x1b5 build/cooja/mtype784.a(memb.o)
                0x0000000000019d3f                memb_init
                0x0000000000019d94                memb_alloc
                0x0000000000019df7                memb_free
                0x0000000000019e6e                memb_inmemb
                0x0000000000019ead                memb_numfree
 .text          0x0000000000019ef4      0x41c build/cooja/mtype784.a(button-hal.o)
                0x000000000001a06d                button_hal_get_by_id
                0x000000000001a0ab                button_hal_get_by_index
                0x000000000001a0d7                button_hal_get_state
                0x000000000001a129                button_hal_init
 .text          0x000000000001a310      0x1f3 build/cooja/mtype784.a(serial-line.o)
                0x000000000001a310                serial_line_input_byte
                0x000000000001a4ce                serial_line_init
 .text          0x000000000001a503      0x168 build/cooja/mtype784.a(gpio-hal.o)
                0x000000000001a503                gpio_hal_register_handler
                0x000000000001a520                gpio_hal_event_handler
                0x000000000001a57c                gpio_hal_init
                0x000000000001a59b                gpio_hal_arch_port_toggle_pin
                0x000000000001a5d7                gpio_hal_arch_port_toggle_pins
                0x000000000001a605                gpio_hal_arch_no_port_toggle_pin
                0x000000000001a643                gpio_hal_arch_no_port_toggle_pins
 .text          0x000000000001a66b      0x2e7 build/cooja/mtype784.a(queuebuf.o)
                0x000000000001a675                queuebuf_init
                0x000000000001a69e                queuebuf_numfree
                0x000000000001a6b6                queuebuf_new_from_packetbuf
                0x000000000001a755                queuebuf_update_attr_from_packetbuf
                0x000000000001a78a                queuebuf_update_from_packetbuf
                0x000000000001a7da                queuebuf_free
                0x000000000001a823                queuebuf_to_packetbuf
                0x000000000001a88f                queuebuf_dataptr
                0x000000000001a8c9                queuebuf_datalen
                0x000000000001a8ec                queuebuf_addr
                0x000000000001a921                queuebuf_attr
                0x000000000001a94c                queuebuf_debug_print
 .text          0x000000000001a952      0x407 build/cooja/mtype784.a(packetbuf.o)
                0x000000000001a952                packetbuf_clear
                0x000000000001a97d                packetbuf_copyfrom
                0x000000000001a9cc                packetbuf_copyto
                0x000000000001aa5f                packetbuf_hdralloc
                0x000000000001aadb                packetbuf_hdrreduce
                0x000000000001ab21                packetbuf_set_datalen
                0x000000000001ab3b                packetbuf_dataptr
                0x000000000001ab58                packetbuf_hdrptr
                0x000000000001ab62                packetbuf_datalen
                0x000000000001ab6e                packetbuf_hdrlen
                0x000000000001ab85                packetbuf_totlen
                0x000000000001ab9b                packetbuf_remaininglen
                0x000000000001abae                packetbuf_attr_clear
                0x000000000001abfa                packetbuf_attr_copyto
                0x000000000001ac52                packetbuf_attr_copyfrom
                0x000000000001acaa                packetbuf_set_attr
                0x000000000001acd4                packetbuf_attr
                0x000000000001acee                packetbuf_set_addr
                0x000000000001ad1f                packetbuf_addr
                0x000000000001ad3c                packetbuf_holds_broadcast
 .text          0x000000000001ad59       0xef build/cooja/mtype784.a(netstack.o)
                0x000000000001ad59                netstack_process_ip_callback
                0x000000000001adea                netstack_ip_packet_processor_add
                0x000000000001ae0d                uip_ds6_ip_packet_processor_rm
                0x000000000001ae2a                netstack_init
 .text          0x000000000001ae48       0x4f build/cooja/mtype784.a(linkaddr.o)
                0x000000000001ae48                linkaddr_copy
                0x000000000001ae5e                linkaddr_cmp
                0x000000000001ae81                linkaddr_set_node_addr
 .text          0x000000000001ae97      0x1f6 build/cooja/mtype784.a(csma.o)
 .text          0x000000000001b08d      0x95d build/cooja/mtype784.a(csma-output.o)
                0x000000000001b724                csma_output_packet
                0x000000000001b9b1                csma_output_init
 .text          0x000000000001b9ea      0xc11 build/cooja/mtype784.a(uip-ds6.o)
                0x000000000001b9ea                uip_ds6_default_prefix
                0x000000000001b9f4                uip_ds6_set_default_prefix
                0x000000000001ba1f                uip_ds6_init
                0x000000000001bc81                uip_ds6_periodic
                0x000000000001bd08                uip_ds6_list_loop
                0x000000000001bdc8                uip_ds6_prefix_add
                0x000000000001be74                uip_ds6_prefix_rm
                0x000000000001be87                uip_ds6_prefix_lookup
                0x000000000001bec6                uip_ds6_is_addr_onlink
                0x000000000001bf39                uip_ds6_addr_add
                0x000000000001c059                uip_ds6_addr_rm
                0x000000000001c102                uip_ds6_addr_lookup
                0x000000000001c13b                uip_ds6_get_link_local
                0x000000000001c1bc                uip_ds6_get_global
                0x000000000001c23d                uip_ds6_maddr_add
                0x000000000001c29d                uip_ds6_maddr_rm
                0x000000000001c2b0                uip_ds6_maddr_lookup
                0x000000000001c2e9                uip_ds6_aaddr_add
                0x000000000001c349                uip_ds6_aaddr_rm
                0x000000000001c35c                uip_ds6_aaddr_lookup
                0x000000000001c395                uip_ds6_select_src
                0x000000000001c4de                uip_ds6_set_addr_iid
                0x000000000001c509                uip_ds6_set_lladdr_from_iid
                0x000000000001c532                get_match_length
                0x000000000001c5c3                uip_ds6_compute_reachable_time
 .text          0x000000000001c5fb      0x128 build/cooja/mtype784.a(uip-udp-packet.)
                0x000000000001c5fb                uip_udp_packet_send
                0x000000000001c656                uip_udp_packet_sendto
 .text          0x000000000001c723      0x35b build/cooja/mtype784.a(uip-ds6-route.o)
                0x000000000001c774                uip_ds6_route_init
                0x000000000001c79e                uip_ds6_route_nexthop
                0x000000000001c7a8                uip_ds6_route_head
                0x000000000001c7b2                uip_ds6_route_next
                0x000000000001c7bc                uip_ds6_route_is_nexthop
                0x000000000001c7c6                uip_ds6_route_num_routes
                0x000000000001c7d0                uip_ds6_route_lookup
                0x000000000001c7da                uip_ds6_route_add
                0x000000000001c7ed                uip_ds6_route_rm
                0x000000000001c7f3                uip_ds6_route_rm_by_nexthop
                0x000000000001c7f9                uip_ds6_defrt_head
                0x000000000001c812                uip_ds6_defrt_add
                0x000000000001c8c0                uip_ds6_defrt_rm
                0x000000000001c926                uip_ds6_defrt_lookup
                0x000000000001c98d                uip_ds6_defrt_choose
                0x000000000001ca03                uip_ds6_defrt_periodic
 .text          0x000000000001ca7e      0x6f7 build/cooja/mtype784.a(tcpip.o)
                0x000000000001ca98                tcpip_output
                0x000000000001cb17                udp_attach
                0x000000000001cb2f                udp_new
                0x000000000001cb79                udp_broadcast_new
                0x000000000001cceb                tcpip_input
                0x000000000001ce7b                tcpip_ipv6_output
                0x000000000001d06f                tcpip_poll_udp
                0x000000000001d08d                tcpip_uipcall
 .text          0x000000000001d175     0x1205 build/cooja/mtype784.a(uip6.o)
                0x000000000001d224                uip_chksum
                0x000000000001d2fb                uip_icmp6chksum
                0x000000000001d310                uip_udpchksum
                0x000000000001d325                uip_init
                0x000000000001d36e                uip_remove_ext_hdr
                0x000000000001d448                uip_udp_new
                0x000000000001d75c                uip_process
                0x000000000001e254                uip_htons
                0x000000000001e276                uip_htonl
                0x000000000001e2b4                uip_send
 .text          0x000000000001e37a      0x369 build/cooja/mtype784.a(uip-ds6-nbr.o)
                0x000000000001e37a                uip_ds6_neighbors_init
                0x000000000001e39e                uip_ds6_nbr_add
                0x000000000001e424                uip_ds6_nbr_rm
                0x000000000001e46f                uip_ds6_nbr_update_ll
                0x000000000001e55d                uip_ds6_nbr_get_ipaddr
                0x000000000001e572                uip_ds6_nbr_get_ll
                0x000000000001e58e                uip_ds6_nbr_num
                0x000000000001e5d7                uip_ds6_nbr_head
                0x000000000001e5f0                uip_ds6_nbr_next
                0x000000000001e60c                uip_ds6_nbr_lookup
                0x000000000001e664                uip_ds6_nbr_ll_lookup
                0x000000000001e680                uip_ds6_nbr_ipaddr_from_lladdr
                0x000000000001e6a9                uip_ds6_nbr_lladdr_from_ipaddr
                0x000000000001e6dd                uip_ds6_link_callback
 .text          0x000000000001e6e3      0x6a7 build/cooja/mtype784.a(uip-nd6.o)
                0x000000000001ed71                uip_nd6_init
 .text          0x000000000001ed8a     0x2c17 build/cooja/mtype784.a(sicslowpan.o)
                0x000000000001f391                netstack_sniffer_add
                0x000000000001f39f                netstack_sniffer_remove
                0x0000000000021975                sicslowpan_init
                0x0000000000021997                sicslowpan_get_last_rssi
 .text          0x00000000000219a1      0x4d1 build/cooja/mtype784.a(uiplib.o)
                0x00000000000219a1                uiplib_ip6addrconv
                0x0000000000021b59                uiplib_ip4addrconv
                0x0000000000021c1c                uiplib_ipaddr_print
                0x0000000000021c6f                uiplib_ipaddr_snprint
 .text          0x0000000000021e72      0x4c9 build/cooja/mtype784.a(rpl.o)
                0x0000000000021e72                rpl_lollipop_greater_than
                0x0000000000021ecc                rpl_get_global_address
                0x0000000000021fc4                rpl_link_callback
                0x0000000000022008                rpl_has_joined
                0x000000000002202d                rpl_is_reachable
                0x00000000000220ae                rpl_reset_prefix
                0x0000000000022118                rpl_set_prefix_from_addr
                0x00000000000221fd                rpl_set_prefix
                0x0000000000022317                rpl_set_leaf_only
                0x000000000002232f                rpl_get_leaf_only
 .text          0x000000000002233b     0x138c build/cooja/mtype784.a(rpl-icmp6.o)
                0x0000000000022460                rpl_icmp6_update_nbr_table
                0x00000000000224e9                rpl_icmp6_dis_output
                0x0000000000022b2f                rpl_icmp6_dio_output
                0x000000000002332d                rpl_icmp6_dao_output
                0x000000000002360e                rpl_icmp6_dao_ack_output
                0x000000000002367e                rpl_icmp6_init
 .text          0x00000000000236c7      0x264 build/cooja/mtype784.a(rpl-dag-root.o)
                0x00000000000236c7                rpl_dag_root_print_links
                0x00000000000237f3                rpl_dag_root_set_prefix
                0x000000000002381f                rpl_dag_root_start
                0x00000000000238fc                rpl_dag_root_is_root
 .text          0x000000000002392b       0x30 build/cooja/mtype784.a(watchdog.o)
                0x000000000002392b                watchdog_init
                0x0000000000023931                watchdog_start
                0x0000000000023937                watchdog_periodic
                0x000000000002394f                watchdog_stop
                0x0000000000023955                watchdog_reboot
 .text          0x000000000002395b       0x4a build/cooja/mtype784.a(int-master.o)
                0x000000000002395b                int_master_enable
                0x000000000002396b                int_master_read_and_disable
                0x0000000000023988                int_master_status_set
                0x0000000000023996                int_master_is_enabled
 .text          0x00000000000239a5      0x226 build/cooja/mtype784.a(coap-timer-defa)
 .text          0x0000000000023bcb       0xc7 build/cooja/mtype784.a(stimer.o)
                0x0000000000023bcb                stimer_set
                0x0000000000023be9                stimer_reset
                0x0000000000023c16                stimer_restart
                0x0000000000023c2b                stimer_expired
                0x0000000000023c56                stimer_remaining
                0x0000000000023c7a                stimer_elapsed
 .text          0x0000000000023c92      0x156 build/cooja/mtype784.a(ringbuf.o)
                0x0000000000023c92                ringbuf_init
                0x0000000000023cc4                ringbuf_put
                0x0000000000023d42                ringbuf_get
                0x0000000000023daf                ringbuf_size
                0x0000000000023dc1                ringbuf_elements
 .text          0x0000000000023de8       0x1f build/cooja/mtype784.a(assert.o)
                0x0000000000023de8                _xassert
 .text          0x0000000000023e07      0x79b build/cooja/mtype784.a(nbr-table.o)
                0x0000000000024280                nbr_table_register
                0x00000000000242ed                nbr_table_is_registered
                0x0000000000024328                nbr_table_head
                0x0000000000024383                nbr_table_next
                0x00000000000243e4                nbr_table_add_lladdr
                0x00000000000244be                nbr_table_get_from_lladdr
                0x000000000002450a                nbr_table_remove
                0x0000000000024542                nbr_table_lock
                0x000000000002455c                nbr_table_unlock
                0x0000000000024576                nbr_table_get_lladdr
 .text          0x00000000000245a2      0x3a5 build/cooja/mtype784.a(link-stats.o)
                0x00000000000245a2                link_stats_from_lladdr
                0x00000000000245be                link_stats_get_lladdr
                0x00000000000245da                link_stats_is_fresh
                0x0000000000024616                guess_etx_from_rssi
                0x0000000000024692                link_stats_packet_sent
                0x00000000000247b2                link_stats_input_callback
                0x00000000000248c2                link_stats_reset
                0x0000000000024912                link_stats_init
 .text          0x0000000000024947      0x187 build/cooja/mtype784.a(mac-sequence.o)
                0x0000000000024947                mac_sequence_is_duplicate
                0x00000000000249e7                mac_sequence_register_seqno
 .text          0x0000000000024ace       0x23 build/cooja/mtype784.a(mac.o)
                0x0000000000024ace                mac_call_sent_callback
 .text          0x0000000000024af1      0x432 build/cooja/mtype784.a(framer-802154.o)
                0x0000000000024c80                framer_802154_setup_params
 .text          0x0000000000024f23      0xb6f build/cooja/mtype784.a(frame802154.o)
                0x0000000000024f54                frame802154_get_pan_id
                0x0000000000024f60                frame802154_set_pan_id
                0x0000000000024f7a                frame802154_has_panid
                0x0000000000025129                frame802154_check_dest_panid
                0x00000000000251b1                frame802154_is_broadcast_addr
                0x00000000000251fe                frame802154_extract_linkaddr
                0x0000000000025463                frame802154_hdrlen
                0x00000000000254d6                frame802154_create_fcf
                0x000000000002558e                frame802154_create
                0x0000000000025703                frame802154_parse_fcf
                0x00000000000257e5                frame802154_parse
 .text          0x0000000000025a92       0x2d build/cooja/mtype784.a(csma-security.o)
                0x0000000000025a92                csma_security_create_frame
                0x0000000000025ab0                csma_security_parse_frame
 .text          0x0000000000025abf      0x4e4 build/cooja/mtype784.a(uipbuf.o)
                0x0000000000025abf                uipbuf_clear
                0x0000000000025ae6                uipbuf_add_ext_hdr
                0x0000000000025b66                uipbuf_set_len
                0x0000000000025b93                uipbuf_set_len_field
                0x0000000000025bbf                uipbuf_get_len_field
                0x0000000000025bdf                uipbuf_get_next_header
                0x0000000000025d11                uipbuf_get_last_header
                0x0000000000025d8a                uipbuf_search_header
                0x0000000000025e40                uipbuf_get_attr
                0x0000000000025e67                uipbuf_set_attr
                0x0000000000025e9e                uipbuf_set_default_attr
                0x0000000000025ed5                uipbuf_clear_attr
                0x0000000000025ef9                uipbuf_set_attr_flag
                0x0000000000025f1a                uipbuf_clr_attr_flag
                0x0000000000025f41                uipbuf_is_attr_flag
                0x0000000000025f65                uipbuf_init
 .text          0x0000000000025fa3      0x73f build/cooja/mtype784.a(uip-icmp6.o)
                0x0000000000026018                uip_icmp6_input
                0x000000000002606f                uip_icmp6_register_input_handler
                0x00000000000261c2                uip_icmp6_error_output
                0x0000000000026473                uip_icmp6_send
                0x000000000002666a                uip_icmp6_echo_reply_callback_add
                0x000000000002669c                uip_icmp6_echo_reply_callback_rm
                0x00000000000266b9                uip_icmp6_init
 .text          0x00000000000266e2      0x69b build/cooja/mtype784.a(uip-sr.o)
                0x00000000000266e2                uip_sr_num_nodes
                0x0000000000026770                uip_sr_get_node
                0x00000000000267c7                uip_sr_is_addr_reachable
                0x0000000000026875                uip_sr_expire_parent
                0x00000000000268be                uip_sr_update_node
                0x00000000000269ee                uip_sr_init
                0x0000000000026a22                uip_sr_node_head
                0x0000000000026a3b                uip_sr_node_next
                0x0000000000026a51                uip_sr_periodic
                0x0000000000026b57                uip_sr_free_all
                0x0000000000026bc7                uip_sr_link_snprint
 .text          0x0000000000026d7d      0x146 build/cooja/mtype784.a(uip-packetqueue)
                0x0000000000026dab                uip_packetqueue_new
                0x0000000000026dba                uip_packetqueue_alloc
                0x0000000000026e15                uip_packetqueue_free
                0x0000000000026e5c                uip_packetqueue_buf
                0x0000000000026e79                uip_packetqueue_buflen
                0x0000000000026e9a                uip_packetqueue_set_buflen
 .text          0x0000000000026ec3      0x1b0 build/cooja/mtype784.a(rpl-nbr-policy.)
                0x0000000000027030                rpl_nbr_policy_find_removable
 .text          0x0000000000027073      0x915 build/cooja/mtype784.a(rpl-neighbor.o)
                0x00000000000270ef                rpl_neighbor_snprint
                0x00000000000273a2                rpl_neighbor_print_list
                0x0000000000027457                rpl_neighbor_count
                0x00000000000274fe                rpl_neighbor_get_from_lladdr
                0x000000000002751a                rpl_neighbor_is_acceptable_parent
                0x000000000002754e                rpl_neighbor_get_link_metric
                0x0000000000027582                rpl_neighbor_rank_via_nbr
                0x00000000000275b6                rpl_neighbor_get_lladdr
                0x00000000000275d2                rpl_neighbor_get_ipaddr
                0x00000000000275f9                rpl_neighbor_get_link_stats
                0x0000000000027620                rpl_neighbor_is_fresh
                0x0000000000027647                rpl_neighbor_is_reachable
                0x0000000000027692                rpl_neighbor_is_parent
                0x00000000000276bc                rpl_neighbor_set_preferred_parent
                0x0000000000027753                rpl_neighbor_remove_all
                0x00000000000277af                rpl_neighbor_get_from_ipaddr
                0x00000000000278bd                rpl_neighbor_select_best
                0x0000000000027969                rpl_neighbor_init
 .text          0x0000000000027988      0xe69 build/cooja/mtype784.a(rpl-dag.o)
                0x0000000000027988                rpl_dag_state_to_str
                0x00000000000279c7                rpl_dag_get_root_ipaddr
                0x0000000000027a0f                rpl_dag_leave
                0x0000000000027a98                rpl_dag_poison_and_leave
                0x0000000000027ab0                rpl_dag_periodic
                0x0000000000027b38                rpl_is_addr_in_our_dag
                0x0000000000027b7c                rpl_get_default_instance
                0x0000000000027b98                rpl_get_any_dag
                0x0000000000027bf1                rpl_refresh_routes
                0x0000000000027c31                rpl_global_repair
                0x0000000000027cca                rpl_local_repair
                0x0000000000027d14                rpl_dag_ready_to_advertise
                0x0000000000027d57                rpl_dag_update_state
                0x0000000000028484                rpl_process_dio
                0x0000000000028502                rpl_process_dis
                0x0000000000028547                rpl_process_dao
                0x00000000000285d6                rpl_process_dao_ack
                0x000000000002866d                rpl_process_hbh
                0x00000000000286bd                rpl_dag_init_root
                0x00000000000287d1                rpl_dag_init
 .text          0x00000000000287f1      0x9e7 build/cooja/mtype784.a(rpl-timers.o)
                0x00000000000287f1                rpl_timers_schedule_periodic_dis
                0x000000000002893f                rpl_timers_dio_reset
                0x0000000000028a4d                rpl_timers_schedule_unicast_dio
                0x0000000000028ba1                rpl_timers_schedule_dao
                0x0000000000028c60                rpl_timers_schedule_dao_ack
                0x0000000000028ce6                rpl_timers_notify_dao_ack
                0x0000000000028d44                get_probing_delay
                0x0000000000028d78                get_probing_target
                0x0000000000028f62                rpl_schedule_probing
                0x0000000000028f90                rpl_schedule_probing_now
                0x0000000000028ffa                rpl_timers_unschedule_leaving
                0x0000000000029032                rpl_timers_schedule_leaving
                0x0000000000029073                rpl_timers_init
                0x0000000000029103                rpl_timers_stop_dag_timers
                0x000000000002917c                rpl_timers_unschedule_state_update
                0x00000000000291a0                rpl_timers_schedule_state_update
 .text          0x00000000000291d8      0xb8e build/cooja/mtype784.a(rpl-ext-header.)
                0x00000000000291d8                rpl_ext_header_srh_get_next_hop
                0x00000000000292bf                rpl_ext_header_srh_update
                0x000000000002982b                rpl_ext_header_hbh_update
                0x0000000000029b2b                rpl_ext_header_update
                0x0000000000029bb4                rpl_ext_header_remove
 .text          0x0000000000029d66      0x31b build/cooja/mtype784.a(rpl-mrhof.o)
 *fill*         0x000000000002a081        0xf 
 .text          0x000000000002a090      0x122 /usr/lib/gcc/i686-linux-gnu/5/libgcc.a(_udivdi3.o)
                0x000000000002a090                __udivdi3
 .text          0x000000000002a1b2        0x0 /usr/lib/gcc/i686-linux-gnu/5/crtendS.o
 .text          0x000000000002a1b2        0x0 /usr/lib/gcc/i686-linux-gnu/5/../../../i386-linux-gnu/crtn.o
 *(.gnu.warning)

.fini           0x000000000002a1b4       0x14
 *(SORT(.fini))
 .fini          0x000000000002a1b4        0xf /usr/lib/gcc/i686-linux-gnu/5/../../../i386-linux-gnu/crti.o
                0x000000000002a1b4                _fini
 .fini          0x000000000002a1c3        0x5 /usr/lib/gcc/i686-linux-gnu/5/../../../i386-linux-gnu/crtn.o
                [!provide]                        PROVIDE (__etext, .)
                [!provide]                        PROVIDE (_etext, .)
                [!provide]                        PROVIDE (etext, .)

.rodata         0x000000000002a1e0      0xc4b
 *(.rodata .rodata.* .gnu.linkonce.r.*)
 .rodata        0x000000000002a1e0       0xb8 cool_node.o
                0x000000000002a1ec                autostart_processes
 .rodata        0x000000000002a298        0x8 build/cooja/mtype784.a(beep.o)
                0x000000000002a298                beep_interface
 .rodata        0x000000000002a2a0        0xe build/cooja/mtype784.a(leds-arch.o)
                0x000000000002a2a0                leds_interface
                0x000000000002a2a8                leds_arch_leds
 *fill*         0x000000000002a2ae        0x2 
 .rodata        0x000000000002a2b0        0x8 build/cooja/mtype784.a(moteid.o)
                0x000000000002a2b0                moteid_interface
 .rodata        0x000000000002a2b8       0x1c build/cooja/mtype784.a(pir-sensor.o)
                0x000000000002a2b8                pir_interface
                0x000000000002a2c4                pir_sensor
 .rodata        0x000000000002a2d4        0xe build/cooja/mtype784.a(rs232.o)
                0x000000000002a2d4                rs232_interface
 *fill*         0x000000000002a2e2        0x2 
 .rodata        0x000000000002a2e4       0x24 build/cooja/mtype784.a(vib-sensor.o)
                0x000000000002a2e4                vib_interface
                0x000000000002a2f8                vib_sensor
 .rodata        0x000000000002a308        0x8 build/cooja/mtype784.a(clock.o)
                0x000000000002a308                clock_interface
 .rodata        0x000000000002a310        0x8 build/cooja/mtype784.a(cooja-log.o)
                0x000000000002a310                simlog_interface
 .rodata        0x000000000002a318       0x2f build/cooja/mtype784.a(cfs-cooja.o)
                0x000000000002a318                cfs_interface
 *fill*         0x000000000002a347       0x19 
 .rodata        0x000000000002a360       0xb8 build/cooja/mtype784.a(cooja-radio.o)
                0x000000000002a360                radio_interface
                0x000000000002a3e0                cooja_radio_driver
 .rodata        0x000000000002a418        0x8 build/cooja/mtype784.a(eeprom.o)
                0x000000000002a418                eeprom_interface
 .rodata        0x000000000002a420        0x8 build/cooja/mtype784.a(sensors.o)
 .rodata        0x000000000002a428       0x2c build/cooja/mtype784.a(buttons.o)
                0x000000000002a428                button_interface
                0x000000000002a43c                button_hal_button_count
                0x000000000002a444                button_sensor
 .rodata        0x000000000002a454      0x12e build/cooja/mtype784.a(res_cooler.o)
 *fill*         0x000000000002a582        0x6 
 .rodata        0x000000000002a588       0xe8 build/cooja/mtype784.a(res_temperature)
 .rodata        0x000000000002a670       0x41 build/cooja/mtype784.a(coap-engine.o)
 .rodata        0x000000000002a6b1       0x19 build/cooja/mtype784.a(coap-res-well-k)
 .rodata        0x000000000002a6ca       0x11 build/cooja/mtype784.a(coap-observe.o)
 .rodata        0x000000000002a6db       0x35 build/cooja/mtype784.a(coap-uip.o)
 .rodata        0x000000000002a710      0x1ac build/cooja/mtype784.a(coap.o)
 .rodata        0x000000000002a8bc       0xf8 build/cooja/mtype784.a(contiki-main.o)
 .rodata        0x000000000002a9b4        0xf build/cooja/mtype784.a(ctimer.o)
 *fill*         0x000000000002a9c3        0x1 
 .rodata        0x000000000002a9c4       0xc4 build/cooja/mtype784.a(log.o)
 .rodata        0x000000000002aa88        0xc build/cooja/mtype784.a(etimer.o)
 .rodata        0x000000000002aa94       0x13 build/cooja/mtype784.a(button-hal.o)
 .rodata        0x000000000002aaa7        0xe build/cooja/mtype784.a(serial-line.o)
 *fill*         0x000000000002aab5        0x3 
 .rodata        0x000000000002aab8        0x8 build/cooja/mtype784.a(linkaddr.o)
                0x000000000002aab8                linkaddr_null
 .rodata        0x000000000002aac0       0x24 build/cooja/mtype784.a(csma.o)
                0x000000000002aac8                csma_driver
 .rodata        0x000000000002aae4       0x2a build/cooja/mtype784.a(csma-output.o)
 *fill*         0x000000000002ab0e        0x2 
 .rodata        0x000000000002ab10       0x4d build/cooja/mtype784.a(uip-ds6-route.o)
 .rodata        0x000000000002ab5d        0xd build/cooja/mtype784.a(tcpip.o)
 *fill*         0x000000000002ab6a        0x2 
 .rodata        0x000000000002ab6c       0x30 build/cooja/mtype784.a(sicslowpan.o)
                0x000000000002ab6c                unc_llconf
                0x000000000002ab70                unc_ctxconf
                0x000000000002ab74                unc_mxconf
                0x000000000002ab78                llprefix
                0x000000000002ab8c                sicslowpan_driver
 .rodata        0x000000000002ab9c       0x2d build/cooja/mtype784.a(uiplib.o)
 *fill*         0x000000000002abc9       0x17 
 .rodata        0x000000000002abe0       0x74 build/cooja/mtype784.a(rpl.o)
                0x000000000002ac00                rpl_lite_driver
 .rodata        0x000000000002ac54       0x20 build/cooja/mtype784.a(coap-timer-defa)
                0x000000000002ac68                coap_timer_default_driver
 .rodata        0x000000000002ac74       0x25 build/cooja/mtype784.a(assert.o)
 *fill*         0x000000000002ac99        0x3 
 .rodata        0x000000000002ac9c        0xc build/cooja/mtype784.a(framer-802154.o)
                0x000000000002ac9c                framer_802154
 .rodata        0x000000000002aca8       0x44 build/cooja/mtype784.a(uip-sr.o)
 .rodata        0x000000000002acec       0x58 build/cooja/mtype784.a(rpl-neighbor.o)
 .rodata        0x000000000002ad44       0xdb build/cooja/mtype784.a(rpl-dag.o)
 .rodata        0x000000000002ae1f        0xc build/cooja/mtype784.a(rpl-timers.o)

.rodata1
 *(.rodata1)

.eh_frame_hdr   0x000000000002ae2c     0x19e4
 *(.eh_frame_hdr)
 .eh_frame_hdr  0x000000000002ae2c     0x19e4 cool_node.o
                0x000000000002ae2c                __GNU_EH_FRAME_HDR
 *(.eh_frame_entry .eh_frame_entry.*)

.eh_frame       0x000000000002c810     0x6908
 *(.eh_frame)
 .eh_frame      0x000000000002c810       0x3c /usr/lib/gcc/i686-linux-gnu/5/../../../i386-linux-gnu/crti.o
                                         0x40 (size before relaxing)
 .eh_frame      0x000000000002c84c       0x40 cool_node.o
                                         0x58 (size before relaxing)
 .eh_frame      0x000000000002c88c      0x178 build/cooja/mtype784.o
                                        0x190 (size before relaxing)
 .eh_frame      0x000000000002ca04       0x40 build/cooja/mtype784.a(simEnvChange.o)
                                         0x58 (size before relaxing)
 .eh_frame      0x000000000002ca44       0x60 build/cooja/mtype784.a(cooja_mt.o)
                                         0x78 (size before relaxing)
 .eh_frame      0x000000000002caa4       0x80 build/cooja/mtype784.a(cooja_mtarch.o)
                                         0x98 (size before relaxing)
 .eh_frame      0x000000000002cb24       0xc8 build/cooja/mtype784.a(rtimer-arch.o)
                                         0xe0 (size before relaxing)
 .eh_frame      0x000000000002cbec      0x160 build/cooja/mtype784.a(beep.o)
                                        0x178 (size before relaxing)
 .eh_frame      0x000000000002cd4c       0x80 build/cooja/mtype784.a(leds-arch.o)
                                         0x98 (size before relaxing)
 .eh_frame      0x000000000002cdcc       0x40 build/cooja/mtype784.a(moteid.o)
                                         0x58 (size before relaxing)
 .eh_frame      0x000000000002ce0c       0xa0 build/cooja/mtype784.a(pir-sensor.o)
                                         0xb8 (size before relaxing)
 .eh_frame      0x000000000002ceac      0x100 build/cooja/mtype784.a(rs232.o)
                                        0x118 (size before relaxing)
 .eh_frame      0x000000000002cfac       0xa0 build/cooja/mtype784.a(vib-sensor.o)
                                         0xb8 (size before relaxing)
 .eh_frame      0x000000000002d04c       0xc0 build/cooja/mtype784.a(clock.o)
                                         0xd8 (size before relaxing)
 .eh_frame      0x000000000002d10c      0x120 build/cooja/mtype784.a(cooja-log.o)
                                        0x138 (size before relaxing)
 .eh_frame      0x000000000002d22c      0x160 build/cooja/mtype784.a(cfs-cooja.o)
                                        0x178 (size before relaxing)
 .eh_frame      0x000000000002d38c      0x340 build/cooja/mtype784.a(cooja-radio.o)
                                        0x358 (size before relaxing)
 .eh_frame      0x000000000002d6cc       0xa0 build/cooja/mtype784.a(eeprom.o)
                                         0xb8 (size before relaxing)
 .eh_frame      0x000000000002d76c       0x40 build/cooja/mtype784.a(random.o)
                                         0x58 (size before relaxing)
 .eh_frame      0x000000000002d7ac       0xc0 build/cooja/mtype784.a(sensors.o)
                                         0xd8 (size before relaxing)
 .eh_frame      0x000000000002d86c      0x120 build/cooja/mtype784.a(leds.o)
                                        0x138 (size before relaxing)
 .eh_frame      0x000000000002d98c      0x220 build/cooja/mtype784.a(gpio-hal-arch.o)
                                        0x238 (size before relaxing)
 .eh_frame      0x000000000002dbac       0xa0 build/cooja/mtype784.a(buttons.o)
                                         0xb8 (size before relaxing)
 .eh_frame      0x000000000002dc4c       0x40 build/cooja/mtype784.a(res_cooler.o)
                                         0x58 (size before relaxing)
 .eh_frame      0x000000000002dc8c       0x40 build/cooja/mtype784.a(res_temperature)
                                         0x58 (size before relaxing)
 .eh_frame      0x000000000002dccc       0x44 build/cooja/mtype784.a(coap-blocking-a)
                                         0x5c (size before relaxing)
 .eh_frame      0x000000000002dd10      0x220 build/cooja/mtype784.a(coap-engine.o)
                                        0x238 (size before relaxing)
 .eh_frame      0x000000000002df30       0x24 build/cooja/mtype784.a(coap-res-well-k)
                                         0x3c (size before relaxing)
 .eh_frame      0x000000000002df54      0x188 build/cooja/mtype784.a(coap-observe.o)
                                        0x1a0 (size before relaxing)
 .eh_frame      0x000000000002e0dc      0x250 build/cooja/mtype784.a(coap-uip.o)
                                        0x268 (size before relaxing)
 .eh_frame      0x000000000002e32c      0x114 build/cooja/mtype784.a(coap-timer.o)
                                        0x12c (size before relaxing)
 .eh_frame      0x000000000002e440      0x100 build/cooja/mtype784.a(coap-transactio)
                                        0x118 (size before relaxing)
 .eh_frame      0x000000000002e540      0x6ec build/cooja/mtype784.a(coap.o)
                                        0x704 (size before relaxing)
 .eh_frame      0x000000000002ec2c       0x30 build/cooja/mtype784.a(contiki-main.o)
                                         0x48 (size before relaxing)
 .eh_frame      0x000000000002ec5c       0x40 build/cooja/mtype784.a(autostart.o)
                                         0x58 (size before relaxing)
 .eh_frame      0x000000000002ec9c      0x100 build/cooja/mtype784.a(ctimer.o)
                                        0x118 (size before relaxing)
 .eh_frame      0x000000000002ed9c      0x100 build/cooja/mtype784.a(log.o)
                                        0x118 (size before relaxing)
 .eh_frame      0x000000000002ee9c       0x60 build/cooja/mtype784.a(energest.o)
                                         0x78 (size before relaxing)
 .eh_frame      0x000000000002eefc      0x1e0 build/cooja/mtype784.a(etimer.o)
                                        0x1f8 (size before relaxing)
 .eh_frame      0x000000000002f0dc       0x20 build/cooja/mtype784.a(node-id.o)
                                         0x38 (size before relaxing)
 .eh_frame      0x000000000002f0fc       0x60 build/cooja/mtype784.a(rtimer.o)
                                         0x78 (size before relaxing)
 .eh_frame      0x000000000002f15c      0x1c4 build/cooja/mtype784.a(process.o)
                                        0x1dc (size before relaxing)
 .eh_frame      0x000000000002f320       0xa4 build/cooja/mtype784.a(timer.o)
                                         0xbc (size before relaxing)
 .eh_frame      0x000000000002f3c4      0x1a0 build/cooja/mtype784.a(list.o)
                                        0x1b8 (size before relaxing)
 .eh_frame      0x000000000002f564       0xa0 build/cooja/mtype784.a(memb.o)
                                         0xb8 (size before relaxing)
 .eh_frame      0x000000000002f604      0x144 build/cooja/mtype784.a(button-hal.o)
                                        0x15c (size before relaxing)
 .eh_frame      0x000000000002f748       0x60 build/cooja/mtype784.a(serial-line.o)
                                         0x78 (size before relaxing)
 .eh_frame      0x000000000002f7a8       0xe0 build/cooja/mtype784.a(gpio-hal.o)
                                         0xf8 (size before relaxing)
 .eh_frame      0x000000000002f888      0x1a0 build/cooja/mtype784.a(queuebuf.o)
                                        0x1b8 (size before relaxing)
 .eh_frame      0x000000000002fa28      0x28c build/cooja/mtype784.a(packetbuf.o)
                                        0x2a4 (size before relaxing)
 .eh_frame      0x000000000002fcb4       0x80 build/cooja/mtype784.a(netstack.o)
                                         0x98 (size before relaxing)
 .eh_frame      0x000000000002fd34       0x60 build/cooja/mtype784.a(linkaddr.o)
                                         0x78 (size before relaxing)
 .eh_frame      0x000000000002fd94       0xe0 build/cooja/mtype784.a(csma.o)
                                         0xf8 (size before relaxing)
 .eh_frame      0x000000000002fe74      0x1d0 build/cooja/mtype784.a(csma-output.o)
                                        0x1e8 (size before relaxing)
 .eh_frame      0x0000000000030044      0x328 build/cooja/mtype784.a(uip-ds6.o)
                                        0x340 (size before relaxing)
 .eh_frame      0x000000000003036c       0x40 build/cooja/mtype784.a(uip-udp-packet.)
                                         0x58 (size before relaxing)
 .eh_frame      0x00000000000303ac      0x220 build/cooja/mtype784.a(uip-ds6-route.o)
                                        0x238 (size before relaxing)
 .eh_frame      0x00000000000305cc      0x244 build/cooja/mtype784.a(tcpip.o)
                                        0x25c (size before relaxing)
 .eh_frame      0x0000000000030810      0x1e8 build/cooja/mtype784.a(uip6.o)
                                        0x200 (size before relaxing)
 .eh_frame      0x00000000000309f8      0x1c0 build/cooja/mtype784.a(uip-ds6-nbr.o)
                                        0x1d8 (size before relaxing)
 .eh_frame      0x0000000000030bb8       0x84 build/cooja/mtype784.a(uip-nd6.o)
                                         0x9c (size before relaxing)
 .eh_frame      0x0000000000030c3c      0x2f8 build/cooja/mtype784.a(sicslowpan.o)
                                        0x310 (size before relaxing)
 .eh_frame      0x0000000000030f34       0x88 build/cooja/mtype784.a(uiplib.o)
                                         0xa0 (size before relaxing)
 .eh_frame      0x0000000000030fbc      0x1e0 build/cooja/mtype784.a(rpl.o)
                                        0x1f8 (size before relaxing)
 .eh_frame      0x000000000003119c      0x1c4 build/cooja/mtype784.a(rpl-icmp6.o)
                                        0x1dc (size before relaxing)
 .eh_frame      0x0000000000031360       0xa0 build/cooja/mtype784.a(rpl-dag-root.o)
                                         0xb8 (size before relaxing)
 .eh_frame      0x0000000000031400       0xa0 build/cooja/mtype784.a(watchdog.o)
                                         0xb8 (size before relaxing)
 .eh_frame      0x00000000000314a0       0x80 build/cooja/mtype784.a(int-master.o)
                                         0x98 (size before relaxing)
 .eh_frame      0x0000000000031520       0xa4 build/cooja/mtype784.a(coap-timer-defa)
                                         0xbc (size before relaxing)
 .eh_frame      0x00000000000315c4       0xc4 build/cooja/mtype784.a(stimer.o)
                                         0xdc (size before relaxing)
 .eh_frame      0x0000000000031688       0xa0 build/cooja/mtype784.a(ringbuf.o)
                                         0xb8 (size before relaxing)
 .eh_frame      0x0000000000031728       0x20 build/cooja/mtype784.a(assert.o)
                                         0x38 (size before relaxing)
 .eh_frame      0x0000000000031748      0x2ac build/cooja/mtype784.a(nbr-table.o)
                                        0x2c4 (size before relaxing)
 .eh_frame      0x00000000000319f4      0x120 build/cooja/mtype784.a(link-stats.o)
                                        0x138 (size before relaxing)
 .eh_frame      0x0000000000031b14       0x48 build/cooja/mtype784.a(mac-sequence.o)
                                         0x60 (size before relaxing)
 .eh_frame      0x0000000000031b5c       0x20 build/cooja/mtype784.a(mac.o)
                                         0x38 (size before relaxing)
 .eh_frame      0x0000000000031b7c       0xa4 build/cooja/mtype784.a(framer-802154.o)
                                         0xbc (size before relaxing)
 .eh_frame      0x0000000000031c20      0x1a4 build/cooja/mtype784.a(frame802154.o)
                                        0x1bc (size before relaxing)
 .eh_frame      0x0000000000031dc4       0x40 build/cooja/mtype784.a(csma-security.o)
                                         0x58 (size before relaxing)
 .eh_frame      0x0000000000031e04      0x200 build/cooja/mtype784.a(uipbuf.o)
                                        0x218 (size before relaxing)
 .eh_frame      0x0000000000032004      0x150 build/cooja/mtype784.a(uip-icmp6.o)
                                        0x168 (size before relaxing)
 .eh_frame      0x0000000000032154      0x184 build/cooja/mtype784.a(uip-sr.o)
                                        0x19c (size before relaxing)
 .eh_frame      0x00000000000322d8       0xe0 build/cooja/mtype784.a(uip-packetqueue)
                                         0xf8 (size before relaxing)
 .eh_frame      0x00000000000323b8       0x80 build/cooja/mtype784.a(rpl-nbr-policy.)
                                         0x98 (size before relaxing)
 .eh_frame      0x0000000000032438      0x2d4 build/cooja/mtype784.a(rpl-neighbor.o)
                                        0x2ec (size before relaxing)
 .eh_frame      0x000000000003270c      0x370 build/cooja/mtype784.a(rpl-dag.o)
                                        0x388 (size before relaxing)
 .eh_frame      0x0000000000032a7c      0x3a8 build/cooja/mtype784.a(rpl-timers.o)
                                        0x3c0 (size before relaxing)
 .eh_frame      0x0000000000032e24      0x124 build/cooja/mtype784.a(rpl-ext-header.)
                                        0x13c (size before relaxing)
 .eh_frame      0x0000000000032f48      0x148 build/cooja/mtype784.a(rpl-mrhof.o)
                                        0x160 (size before relaxing)
 .eh_frame      0x0000000000033090       0x84 /usr/lib/gcc/i686-linux-gnu/5/libgcc.a(_udivdi3.o)
                                         0x9c (size before relaxing)
 .eh_frame      0x0000000000033114        0x4 /usr/lib/gcc/i686-linux-gnu/5/crtendS.o
 *(.eh_frame.*)

.gcc_except_table
 *(.gcc_except_table .gcc_except_table.*)

.gnu_extab
 *(.gnu_extab*)

.exception_ranges
 *(.exception_ranges .exception_ranges*)
                0x0000000000034f10                . = DATA_SEGMENT_ALIGN (0x1000, 0x1000)

.eh_frame
 *(.eh_frame)
 *(.eh_frame.*)

.gnu_extab
 *(.gnu_extab)

.gcc_except_table
 *(.gcc_except_table .gcc_except_table.*)

.exception_ranges
 *(.exception_ranges .exception_ranges*)

.tdata
 *(.tdata .tdata.* .gnu.linkonce.td.*)

.tbss
 *(.tbss .tbss.* .gnu.linkonce.tb.*)
 *(.tcommon)

.preinit_array
 *(.preinit_array)

.init_array     0x0000000000034f10        0x4
 *(SORT(.init_array.*) SORT(.ctors.*))
 *(.init_array EXCLUDE_FILE(*crtend?.o *crtend.o *crtbegin?.o *crtbegin.o) .ctors)
 .init_array    0x0000000000034f10        0x4 /usr/lib/gcc/i686-linux-gnu/5/crtbeginS.o

.fini_array     0x0000000000034f14        0x4
 *(SORT(.fini_array.*) SORT(.dtors.*))
 *(.fini_array EXCLUDE_FILE(*crtend?.o *crtend.o *crtbegin?.o *crtbegin.o) .dtors)
 .fini_array    0x0000000000034f14        0x4 /usr/lib/gcc/i686-linux-gnu/5/crtbeginS.o

.ctors
 *crtbegin.o(.ctors)
 *crtbegin?.o(.ctors)
 *(EXCLUDE_FILE(*crtend?.o *crtend.o) .ctors)
 *(SORT(.ctors.*))
 *(.ctors)

.dtors
 *crtbegin.o(.dtors)
 *crtbegin?.o(.dtors)
 *(EXCLUDE_FILE(*crtend?.o *crtend.o) .dtors)
 *(SORT(.dtors.*))
 *(.dtors)

.jcr            0x0000000000034f18        0x4
 *(.jcr)
 .jcr           0x0000000000034f18        0x0 /usr/lib/gcc/i686-linux-gnu/5/crtbeginS.o
 .jcr           0x0000000000034f18        0x4 /usr/lib/gcc/i686-linux-gnu/5/crtendS.o

.data.rel.ro
 *(.data.rel.ro.local* .gnu.linkonce.d.rel.ro.local.*)
 *(.data.rel.ro .data.rel.ro.* .gnu.linkonce.d.rel.ro.*)

.dynamic        0x0000000000034f1c       0xd0
 *(.dynamic)
 .dynamic       0x0000000000034f1c       0xd0 /usr/lib/gcc/i686-linux-gnu/5/../../../i386-linux-gnu/crti.o
                0x0000000000034f1c                _DYNAMIC

.got            0x0000000000034fec       0x14
 *(.got)
 .got           0x0000000000034fec       0x14 /usr/lib/gcc/i686-linux-gnu/5/../../../i386-linux-gnu/crti.o
 *(.igot)
                0x0000000000035ff4                . = DATA_SEGMENT_RELRO_END (., (SIZEOF (.got.plt) >= 0xc)?0xc:0x0)

.got.plt        0x0000000000035000        0xc
 *(.got.plt)
 .got.plt       0x0000000000035000        0xc /usr/lib/gcc/i686-linux-gnu/5/../../../i386-linux-gnu/crti.o
                0x0000000000035000                _GLOBAL_OFFSET_TABLE_
 *(.igot.plt)

.data           0x0000000000035020      0x4c4
 *(.data .data.* .gnu.linkonce.d.*)
 .data          0x0000000000035020        0x0 /usr/lib/gcc/i686-linux-gnu/5/../../../i386-linux-gnu/crti.o
 .data          0x0000000000035020        0x0 /usr/lib/gcc/i686-linux-gnu/5/crtbeginS.o
 .data.rel.local
                0x0000000000035020        0x4 /usr/lib/gcc/i686-linux-gnu/5/crtbeginS.o
                0x0000000000035020                __dso_handle
 .data          0x0000000000035024       0x14 cool_node.o
                0x0000000000035024                sensor_period
                0x0000000000035028                cool_process
 *fill*         0x0000000000035038        0x8 
 .data          0x0000000000035040       0x44 build/cooja/mtype784.o
                0x0000000000035040                simInterfaces
                0x0000000000035074                sensors
 .data          0x0000000000035084        0x0 build/cooja/mtype784.a(simEnvChange.o)
 .data          0x0000000000035084        0x0 build/cooja/mtype784.a(cooja_mt.o)
 .data          0x0000000000035084        0x0 build/cooja/mtype784.a(cooja_mtarch.o)
 .data          0x0000000000035084        0x0 build/cooja/mtype784.a(rtimer-arch.o)
 .data          0x0000000000035084        0x0 build/cooja/mtype784.a(beep.o)
 .data          0x0000000000035084        0x0 build/cooja/mtype784.a(leds-arch.o)
 .data          0x0000000000035084        0x0 build/cooja/mtype784.a(moteid.o)
 .data          0x0000000000035084        0x0 build/cooja/mtype784.a(pir-sensor.o)
 .data          0x0000000000035084        0x0 build/cooja/mtype784.a(rs232.o)
 .data          0x0000000000035084        0x0 build/cooja/mtype784.a(vib-sensor.o)
 .data          0x0000000000035084        0x0 build/cooja/mtype784.a(clock.o)
 .data          0x0000000000035084        0x0 build/cooja/mtype784.a(cooja-log.o)
 .data          0x0000000000035084        0x0 build/cooja/mtype784.a(cfs-cooja.o)
 .data          0x0000000000035084       0x2c build/cooja/mtype784.a(cooja-radio.o)
                0x0000000000035084                simRadioHWOn
                0x0000000000035088                simSignalStrength
                0x000000000003508c                simLastSignalStrength
                0x0000000000035090                simPower
                0x0000000000035094                simRadioChannel
                0x0000000000035098                simLQI
                0x00000000000350a0                cooja_radio_process
 .data          0x00000000000350b0        0x0 build/cooja/mtype784.a(eeprom.o)
 .data          0x00000000000350b0        0x0 build/cooja/mtype784.a(random.o)
 .data          0x00000000000350b0       0x10 build/cooja/mtype784.a(sensors.o)
                0x00000000000350b0                sensors_process
 .data          0x00000000000350c0        0x0 build/cooja/mtype784.a(leds.o)
 .data          0x00000000000350c0        0x0 build/cooja/mtype784.a(gpio-hal-arch.o)
 .data          0x00000000000350c0       0x78 build/cooja/mtype784.a(buttons.o)
                0x00000000000350c0                simButtonIsActive
                0x0000000000035130                button_hal_buttons
 *fill*         0x0000000000035138        0x8 
 .data          0x0000000000035140       0x44 build/cooja/mtype784.a(res_cooler.o)
                0x0000000000035140                max_temp
                0x0000000000035160                res_cooler
 *fill*         0x0000000000035184       0x1c 
 .data          0x00000000000351a0       0x44 build/cooja/mtype784.a(res_temperature)
                0x00000000000351a0                temperature
                0x00000000000351c0                res_temperature
 .data          0x00000000000351e4        0x0 build/cooja/mtype784.a(coap-blocking-a)
 .data          0x00000000000351e4        0x8 build/cooja/mtype784.a(coap-engine.o)
 *fill*         0x00000000000351ec       0x14 
 .data          0x0000000000035200       0x24 build/cooja/mtype784.a(coap-res-well-k)
                0x0000000000035200                res_well_known_core
 .data          0x0000000000035224       0x10 build/cooja/mtype784.a(coap-observe.o)
 .data          0x0000000000035234       0x10 build/cooja/mtype784.a(coap-uip.o)
                0x0000000000035234                coap_engine
 .data          0x0000000000035244        0x4 build/cooja/mtype784.a(coap-timer.o)
 .data          0x0000000000035248       0x10 build/cooja/mtype784.a(coap-transactio)
 .data          0x0000000000035258        0x4 build/cooja/mtype784.a(coap.o)
                0x0000000000035258                coap_error_message
 .data          0x000000000003525c        0x0 build/cooja/mtype784.a(contiki-main.o)
 .data          0x000000000003525c        0x0 build/cooja/mtype784.a(autostart.o)
 .data          0x000000000003525c       0x14 build/cooja/mtype784.a(ctimer.o)
                0x0000000000035260                ctimer_process
 *fill*         0x0000000000035270       0x10 
 .data          0x0000000000035280       0xbc build/cooja/mtype784.a(log.o)
                0x0000000000035280                curr_log_level_main
                0x00000000000352a0                all_modules
 .data          0x000000000003533c        0x0 build/cooja/mtype784.a(energest.o)
 .data          0x000000000003533c       0x10 build/cooja/mtype784.a(etimer.o)
                0x000000000003533c                etimer_process
 .data          0x000000000003534c        0x0 build/cooja/mtype784.a(node-id.o)
 .data          0x000000000003534c        0x0 build/cooja/mtype784.a(rtimer.o)
 .data          0x000000000003534c        0x0 build/cooja/mtype784.a(process.o)
 .data          0x000000000003534c        0x0 build/cooja/mtype784.a(timer.o)
 .data          0x000000000003534c        0x0 build/cooja/mtype784.a(list.o)
 .data          0x000000000003534c        0x0 build/cooja/mtype784.a(memb.o)
 .data          0x000000000003534c       0x10 build/cooja/mtype784.a(button-hal.o)
                0x000000000003534c                button_hal_process
 .data          0x000000000003535c       0x10 build/cooja/mtype784.a(serial-line.o)
                0x000000000003535c                serial_line_process
 .data          0x000000000003536c        0x4 build/cooja/mtype784.a(gpio-hal.o)
 .data          0x0000000000035370       0x18 build/cooja/mtype784.a(queuebuf.o)
 .data          0x0000000000035388        0x4 build/cooja/mtype784.a(packetbuf.o)
 .data          0x000000000003538c        0x4 build/cooja/mtype784.a(netstack.o)
 .data          0x0000000000035390        0x0 build/cooja/mtype784.a(linkaddr.o)
 .data          0x0000000000035390        0x0 build/cooja/mtype784.a(csma.o)
 .data          0x0000000000035390       0x28 build/cooja/mtype784.a(csma-output.o)
 .data          0x00000000000353b8        0x0 build/cooja/mtype784.a(uip-ds6.o)
 .data          0x00000000000353b8        0x0 build/cooja/mtype784.a(uip-udp-packet.)
 .data          0x00000000000353b8       0x10 build/cooja/mtype784.a(uip-ds6-route.o)
 .data          0x00000000000353c8       0x10 build/cooja/mtype784.a(tcpip.o)
                0x00000000000353c8                tcpip_process
 .data          0x00000000000353d8        0x0 build/cooja/mtype784.a(uip6.o)
 .data          0x00000000000353d8       0x14 build/cooja/mtype784.a(uip-ds6-nbr.o)
 .data          0x00000000000353ec        0xc build/cooja/mtype784.a(uip-nd6.o)
 .data          0x00000000000353f8        0x0 build/cooja/mtype784.a(sicslowpan.o)
 .data          0x00000000000353f8        0x0 build/cooja/mtype784.a(uiplib.o)
 .data          0x00000000000353f8        0x0 build/cooja/mtype784.a(rpl.o)
 .data          0x00000000000353f8       0x30 build/cooja/mtype784.a(rpl-icmp6.o)
 .data          0x0000000000035428        0x0 build/cooja/mtype784.a(rpl-dag-root.o)
 .data          0x0000000000035428        0x0 build/cooja/mtype784.a(watchdog.o)
 .data          0x0000000000035428        0x0 build/cooja/mtype784.a(int-master.o)
 .data          0x0000000000035428       0x10 build/cooja/mtype784.a(coap-timer-defa)
                0x0000000000035428                coap_timer_process
 .data          0x0000000000035438        0x0 build/cooja/mtype784.a(stimer.o)
 .data          0x0000000000035438        0x0 build/cooja/mtype784.a(ringbuf.o)
 .data          0x0000000000035438        0x0 build/cooja/mtype784.a(assert.o)
 .data          0x0000000000035438       0x10 build/cooja/mtype784.a(nbr-table.o)
 .data          0x0000000000035448       0x14 build/cooja/mtype784.a(link-stats.o)
 .data          0x000000000003545c        0x0 build/cooja/mtype784.a(mac-sequence.o)
 .data          0x000000000003545c        0x0 build/cooja/mtype784.a(mac.o)
 .data          0x000000000003545c        0x0 build/cooja/mtype784.a(framer-802154.o)
 .data          0x000000000003545c        0x2 build/cooja/mtype784.a(frame802154.o)
 .data          0x000000000003545e        0x0 build/cooja/mtype784.a(csma-security.o)
 .data          0x000000000003545e        0x0 build/cooja/mtype784.a(uipbuf.o)
 *fill*         0x000000000003545e        0x2 
 .data          0x0000000000035460       0x20 build/cooja/mtype784.a(uip-icmp6.o)
 .data          0x0000000000035480       0x10 build/cooja/mtype784.a(uip-sr.o)
 .data          0x0000000000035490        0xc build/cooja/mtype784.a(uip-packetqueue)
 .data          0x000000000003549c        0x0 build/cooja/mtype784.a(rpl-nbr-policy.)
 .data          0x000000000003549c       0x14 build/cooja/mtype784.a(rpl-neighbor.o)
                0x00000000000354ac                rpl_neighbors
 .data          0x00000000000354b0        0x0 build/cooja/mtype784.a(rpl-dag.o)
 .data          0x00000000000354b0        0x0 build/cooja/mtype784.a(rpl-timers.o)
 .data          0x00000000000354b0        0x0 build/cooja/mtype784.a(rpl-ext-header.)
 *fill*         0x00000000000354b0       0x10 
 .data          0x00000000000354c0       0x24 build/cooja/mtype784.a(rpl-mrhof.o)
                0x00000000000354c0                rpl_mrhof
 .data          0x00000000000354e4        0x0 /usr/lib/gcc/i686-linux-gnu/5/libgcc.a(_udivdi3.o)
 .data          0x00000000000354e4        0x0 /usr/lib/gcc/i686-linux-gnu/5/crtendS.o
 .data          0x00000000000354e4        0x0 /usr/lib/gcc/i686-linux-gnu/5/../../../i386-linux-gnu/crtn.o

.tm_clone_table
                0x00000000000354e4        0x0
 .tm_clone_table
                0x00000000000354e4        0x0 /usr/lib/gcc/i686-linux-gnu/5/crtbeginS.o
 .tm_clone_table
                0x00000000000354e4        0x0 /usr/lib/gcc/i686-linux-gnu/5/crtendS.o

.data1
 *(.data1)
                0x00000000000354e4                _edata = .
                [!provide]                        PROVIDE (edata, .)
                0x00000000000354e4                . = .
                0x00000000000354e4                __bss_start = .

.bss            0x0000000000035500    0x13f64
 *(.dynbss)
 .dynbss        0x0000000000035500        0x0 /usr/lib/gcc/i686-linux-gnu/5/../../../i386-linux-gnu/crti.o
 *(.bss .bss.* .gnu.linkonce.b.*)
 .bss           0x0000000000035500        0x0 /usr/lib/gcc/i686-linux-gnu/5/../../../i386-linux-gnu/crti.o
 .bss           0x0000000000035500        0x1 /usr/lib/gcc/i686-linux-gnu/5/crtbeginS.o
 *fill*         0x0000000000035501       0x1f 
 .bss           0x0000000000035520      0x11c cool_node.o
 *fill*         0x000000000003563c        0x4 
 .bss           0x0000000000035640     0x2030 build/cooja/mtype784.o
 .bss           0x0000000000037670        0x1 build/cooja/mtype784.a(simEnvChange.o)
                0x0000000000037670                simDontFallAsleep
 *fill*         0x0000000000037671        0x3 
 .bss           0x0000000000037674        0x4 build/cooja/mtype784.a(cooja_mt.o)
 .bss           0x0000000000037678        0x4 build/cooja/mtype784.a(cooja_mtarch.o)
 .bss           0x000000000003767c        0x0 build/cooja/mtype784.a(rtimer-arch.o)
 .bss           0x000000000003767c        0x0 build/cooja/mtype784.a(beep.o)
 .bss           0x000000000003767c        0x1 build/cooja/mtype784.a(leds-arch.o)
                0x000000000003767c                simLedsValue
 .bss           0x000000000003767d        0x0 build/cooja/mtype784.a(moteid.o)
 .bss           0x000000000003767d        0x1 build/cooja/mtype784.a(pir-sensor.o)
                0x000000000003767d                simPirValue
 *fill*         0x000000000003767e        0x2 
 .bss           0x0000000000037680        0x4 build/cooja/mtype784.a(rs232.o)
 .bss           0x0000000000037684        0x1 build/cooja/mtype784.a(vib-sensor.o)
                0x0000000000037684                simVibValue
 .bss           0x0000000000037685        0x0 build/cooja/mtype784.a(clock.o)
 *fill*         0x0000000000037685       0x1b 
 .bss           0x00000000000376a0     0x2020 build/cooja/mtype784.a(cooja-log.o)
 .bss           0x00000000000396c0      0xfc0 build/cooja/mtype784.a(cfs-cooja.o)
                0x00000000000396c0                simCFSData
                0x000000000003a660                simCFSSize
                0x000000000003a664                simCFSChanged
                0x000000000003a668                simCFSRead
                0x000000000003a66c                simCFSWritten
 .bss           0x000000000003a680       0x24 build/cooja/mtype784.a(cooja-radio.o)
                0x000000000003a680                simReceiving
                0x000000000003a684                simInSize
                0x000000000003a688                simLastPacketTimestamp
                0x000000000003a690                simOutSize
 .bss           0x000000000003a6a4        0xc build/cooja/mtype784.a(eeprom.o)
                0x000000000003a6a4                simEEPROMChanged
                0x000000000003a6a8                simEEPROMRead
                0x000000000003a6ac                simEEPROMWritten
 .bss           0x000000000003a6b0        0x0 build/cooja/mtype784.a(random.o)
 .bss           0x000000000003a6b0        0xc build/cooja/mtype784.a(sensors.o)
 .bss           0x000000000003a6bc        0x0 build/cooja/mtype784.a(leds.o)
 .bss           0x000000000003a6bc       0x24 build/cooja/mtype784.a(gpio-hal-arch.o)
 .bss           0x000000000003a6e0        0x0 build/cooja/mtype784.a(buttons.o)
 .bss           0x000000000003a6e0        0x1 build/cooja/mtype784.a(res_cooler.o)
                0x000000000003a6e0                forced_cooling
 *fill*         0x000000000003a6e1        0x3 
 .bss           0x000000000003a6e4        0xc build/cooja/mtype784.a(res_temperature)
                0x000000000003a6e4                cooling
                0x000000000003a6e8                cycles_of_active_cooling
                0x000000000003a6ec                warn_level
 .bss           0x000000000003a6f0        0x0 build/cooja/mtype784.a(coap-blocking-a)
 *fill*         0x000000000003a6f0       0x10 
 .bss           0x000000000003a700      0x190 build/cooja/mtype784.a(coap-engine.o)
 .bss           0x000000000003a890        0x0 build/cooja/mtype784.a(coap-res-well-k)
 *fill*         0x000000000003a890       0x10 
 .bss           0x000000000003a8a0      0x120 build/cooja/mtype784.a(coap-observe.o)
 .bss           0x000000000003a9c0       0x18 build/cooja/mtype784.a(coap-uip.o)
 .bss           0x000000000003a9d8        0x5 build/cooja/mtype784.a(coap-timer.o)
 *fill*         0x000000000003a9dd        0x3 
 .bss           0x000000000003a9e0      0x334 build/cooja/mtype784.a(coap-transactio)
 .bss           0x000000000003ad14        0x6 build/cooja/mtype784.a(coap.o)
                0x000000000003ad14                coap_status_code
 .bss           0x000000000003ad1a        0x0 build/cooja/mtype784.a(contiki-main.o)
 .bss           0x000000000003ad1a        0x0 build/cooja/mtype784.a(autostart.o)
 *fill*         0x000000000003ad1a        0x2 
 .bss           0x000000000003ad1c        0x5 build/cooja/mtype784.a(ctimer.o)
 *fill*         0x000000000003ad21        0x3 
 .bss           0x000000000003ad24       0x2c build/cooja/mtype784.a(log.o)
                0x000000000003ad24                curr_log_level_rpl
                0x000000000003ad28                curr_log_level_tcpip
                0x000000000003ad2c                curr_log_level_ipv6
                0x000000000003ad30                curr_log_level_6lowpan
                0x000000000003ad34                curr_log_level_nullnet
                0x000000000003ad38                curr_log_level_mac
                0x000000000003ad3c                curr_log_level_framer
                0x000000000003ad40                curr_log_level_6top
                0x000000000003ad44                curr_log_level_coap
                0x000000000003ad48                curr_log_level_snmp
                0x000000000003ad4c                curr_log_level_lwm2m
 .bss           0x000000000003ad50        0x0 build/cooja/mtype784.a(energest.o)
 .bss           0x000000000003ad50        0x8 build/cooja/mtype784.a(etimer.o)
 .bss           0x000000000003ad58        0x2 build/cooja/mtype784.a(node-id.o)
                0x000000000003ad58                node_id
 *fill*         0x000000000003ad5a        0x2 
 .bss           0x000000000003ad5c        0x4 build/cooja/mtype784.a(rtimer.o)
 .bss           0x000000000003ad60      0x1a1 build/cooja/mtype784.a(process.o)
                0x000000000003ad60                process_list
                0x000000000003ad64                process_current
 .bss           0x000000000003af01        0x0 build/cooja/mtype784.a(timer.o)
 .bss           0x000000000003af01        0x0 build/cooja/mtype784.a(list.o)
 .bss           0x000000000003af01        0x0 build/cooja/mtype784.a(memb.o)
 *fill*         0x000000000003af01        0x3 
 .bss           0x000000000003af04       0x10 build/cooja/mtype784.a(button-hal.o)
 *fill*         0x000000000003af14        0xc 
 .bss           0x000000000003af20      0x140 build/cooja/mtype784.a(serial-line.o)
 .bss           0x000000000003b060        0x4 build/cooja/mtype784.a(gpio-hal.o)
 *fill*         0x000000000003b064       0x1c 
 .bss           0x000000000003b080     0x2c80 build/cooja/mtype784.a(queuebuf.o)
 .bss           0x000000000003dd00       0xa0 build/cooja/mtype784.a(packetbuf.o)
 .bss           0x000000000003dda0        0x4 build/cooja/mtype784.a(netstack.o)
 .bss           0x000000000003dda4        0x0 build/cooja/mtype784.a(linkaddr.o)
 .bss           0x000000000003dda4        0x0 build/cooja/mtype784.a(csma.o)
 *fill*         0x000000000003dda4       0x1c 
 .bss           0x000000000003ddc0      0x726 build/cooja/mtype784.a(csma-output.o)
 *fill*         0x000000000003e4e6        0x2 
 .bss           0x000000000003e4e8       0x30 build/cooja/mtype784.a(uip-ds6.o)
 .bss           0x000000000003e518        0x0 build/cooja/mtype784.a(uip-udp-packet.)
 *fill*         0x000000000003e518        0x8 
 .bss           0x000000000003e520       0x60 build/cooja/mtype784.a(uip-ds6-route.o)
 .bss           0x000000000003e580       0x10 build/cooja/mtype784.a(tcpip.o)