Archive member included to satisfy reference by file (symbol)

build/cooja/mtype465.a(simEnvChange.o)
                              build/cooja/mtype465.o (simDontFallAsleep)
build/cooja/mtype465.a(cooja_mt.o)
                              build/cooja/mtype465.o (cooja_mt_start)
build/cooja/mtype465.a(cooja_mtarch.o)
                              build/cooja/mtype465.a(cooja_mt.o) (cooja_mtarch_start)
build/cooja/mtype465.a(rtimer-arch.o)
                              build/cooja/mtype465.o (rtimer_arch_check)
build/cooja/mtype465.a(beep.o)
                              build/cooja/mtype465.o (beep_interface)
build/cooja/mtype465.a(leds-arch.o)
                              build/cooja/mtype465.o (leds_interface)
build/cooja/mtype465.a(moteid.o)
                              build/cooja/mtype465.o (moteid_interface)
build/cooja/mtype465.a(pir-sensor.o)
                              build/cooja/mtype465.o (pir_interface)
build/cooja/mtype465.a(rs232.o)
                              build/cooja/mtype465.o (rs232_interface)
build/cooja/mtype465.a(vib-sensor.o)
                              build/cooja/mtype465.o (vib_interface)
build/cooja/mtype465.a(clock.o)
                              build/cooja/mtype465.o (clock_interface)
build/cooja/mtype465.a(cooja-log.o)
                              build/cooja/mtype465.o (simlog_interface)
build/cooja/mtype465.a(cfs-cooja.o)
                              build/cooja/mtype465.o (cfs_interface)
build/cooja/mtype465.a(cooja-radio.o)
                              build/cooja/mtype465.o (radio_interface)
build/cooja/mtype465.a(eeprom.o)
                              build/cooja/mtype465.o (eeprom_interface)
build/cooja/mtype465.a(random.o)
                              build/cooja/mtype465.a(moteid.o) (random_init)
build/cooja/mtype465.a(sensors.o)
                              build/cooja/mtype465.a(pir-sensor.o) (sensors_changed)
build/cooja/mtype465.a(leds.o)
                              cool_node.o (leds_set)
build/cooja/mtype465.a(gpio-hal-arch.o)
                              build/cooja/mtype465.a(leds-arch.o) (gpio_hal_arch_register_pin_callback)
build/cooja/mtype465.a(buttons.o)
                              build/cooja/mtype465.o (button_interface)
build/cooja/mtype465.a(res_cooler.o)
                              cool_node.o (forced_cooling)
build/cooja/mtype465.a(res_temperature)
                              build/cooja/mtype465.a(res_cooler.o) (temperature)
build/cooja/mtype465.a(coap-blocking-a)
                              cool_node.o (coap_blocking_request)
build/cooja/mtype465.a(coap-engine.o)
                              cool_node.o (coap_activate_resource)
build/cooja/mtype465.a(coap-res-well-k)
                              build/cooja/mtype465.a(coap-engine.o) (res_well_known_core)
build/cooja/mtype465.a(coap-observe.o)
                              build/cooja/mtype465.a(coap-engine.o) (coap_remove_observer_by_mid)
build/cooja/mtype465.a(coap-uip.o)
                              build/cooja/mtype465.a(coap-observe.o) (coap_endpoint_copy)
build/cooja/mtype465.a(coap-timer.o)
                              build/cooja/mtype465.a(coap-engine.o) (coap_timer_set)
build/cooja/mtype465.a(coap-transactio)
                              build/cooja/mtype465.a(coap-blocking-a) (coap_send_transaction)
build/cooja/mtype465.a(coap.o)
                              build/cooja/mtype465.a(coap-engine.o) (coap_status_code)
build/cooja/mtype465.a(contiki-main.o)
                              build/cooja/mtype465.o (main)
build/cooja/mtype465.a(autostart.o)
                              build/cooja/mtype465.a(contiki-main.o) (autostart_start)
build/cooja/mtype465.a(ctimer.o)
                              build/cooja/mtype465.a(contiki-main.o) (ctimer_init)
build/cooja/mtype465.a(log.o)
                              build/cooja/mtype465.a(contiki-main.o) (curr_log_level_main)
build/cooja/mtype465.a(energest.o)
                              build/cooja/mtype465.a(contiki-main.o) (energest_init)
build/cooja/mtype465.a(etimer.o)
                              build/cooja/mtype465.a(contiki-main.o) (etimer_process)
build/cooja/mtype465.a(node-id.o)
                              build/cooja/mtype465.a(contiki-main.o) (node_id)
build/cooja/mtype465.a(rtimer.o)
                              build/cooja/mtype465.a(contiki-main.o) (rtimer_init)
build/cooja/mtype465.a(process.o)
                              build/cooja/mtype465.a(coap-blocking-a) (process_current)
build/cooja/mtype465.a(timer.o)
                              build/cooja/mtype465.a(etimer.o) (timer_set)
build/cooja/mtype465.a(list.o)
                              build/cooja/mtype465.a(coap-engine.o) (list_init)
build/cooja/mtype465.a(memb.o)
                              build/cooja/mtype465.a(coap-observe.o) (memb_alloc)
build/cooja/mtype465.a(button-hal.o)
                              cool_node.o (button_hal_press_event)
build/cooja/mtype465.a(serial-line.o)
[...]
Memory Configuration

Name             Origin             Length             Attributes
*default*        0x0000000000000000 0xffffffffffffffff

Linker script and memory map

LOAD /usr/lib/gcc/i686-linux-gnu/5/../../../i386-linux-gnu/crti.o
LOAD /usr/lib/gcc/i686-linux-gnu/5/crtbeginS.o
LOAD cool_node.o
LOAD build/cooja/mtype465.o
LOAD build/cooja/mtype465.a
LOAD /usr/lib/gcc/i686-linux-gnu/5/libgcc.a
LOAD /usr/lib/gcc/i686-linux-gnu/5/libgcc_s.so
LOAD /usr/lib/gcc/i686-linux-gnu/5/../../../i386-linux-gnu/libc.so
START GROUP
LOAD /lib/i386-linux-gnu/libc.so.6
LOAD /usr/lib/i386-linux-gnu/libc_nonshared.a
LOAD /lib/i386-linux-gnu/ld-linux.so.2
END GROUP
LOAD /usr/lib/gcc/i686-linux-gnu/5/libgcc.a
LOAD /usr/lib/gcc/i686-linux-gnu/5/libgcc_s.so
LOAD /usr/lib/gcc/i686-linux-gnu/5/crtendS.o
LOAD /usr/lib/gcc/i686-linux-gnu/5/../../../i386-linux-gnu/crtn.o
                0x0000000000000114                . = (0x0 + SIZEOF_HEADERS)

.note.gnu.build-id
                0x0000000000000114       0x24
 *(.note.gnu.build-id)
 .note.gnu.build-id
                0x0000000000000114       0x24 /usr/lib/gcc/i686-linux-gnu/5/../../../i386-linux-gnu/crti.o

.hash
 *(.hash)

.gnu.hash       0x0000000000000138     0x15b0
 *(.gnu.hash)
 .gnu.hash      0x0000000000000138     0x15b0 /usr/lib/gcc/i686-linux-gnu/5/../../../i386-linux-gnu/crti.o

.dynsym         0x00000000000016e8     0x2f70
 *(.dynsym)
 .dynsym        0x00000000000016e8     0x2f70 /usr/lib/gcc/i686-linux-gnu/5/../../../i386-linux-gnu/crti.o

.dynstr         0x0000000000004658     0x36f7
 *(.dynstr)
 .dynstr        0x0000000000004658     0x36f7 /usr/lib/gcc/i686-linux-gnu/5/../../../i386-linux-gnu/crti.o

.gnu.version    0x0000000000007d50      0x5ee
 *(.gnu.version)
 .gnu.version   0x0000000000007d50      0x5ee /usr/lib/gcc/i686-linux-gnu/5/../../../i386-linux-gnu/crti.o

.gnu.version_d  0x0000000000008340        0x0
 *(.gnu.version_d)
 .gnu.version_d
                0x0000000000008340        0x0 /usr/lib/gcc/i686-linux-gnu/5/../../../i386-linux-gnu/crti.o

.gnu.version_r  0x0000000000008340       0x40
 *(.gnu.version_r)
 .gnu.version_r
                0x0000000000008340       0x40 /usr/lib/gcc/i686-linux-gnu/5/../../../i386-linux-gnu/crti.o

.rel.dyn        0x0000000000008380     0x93d0
 *(.rel.init)
 .rel.init      0x0000000000008380        0x0 /usr/lib/gcc/i686-linux-gnu/5/../../../i386-linux-gnu/crti.o
 *(.rel.text .rel.text.* .rel.gnu.linkonce.t.*)
 .rel.text      0x0000000000008380     0x8a00 /usr/lib/gcc/i686-linux-gnu/5/../../../i386-linux-gnu/crti.o
 *(.rel.fini)
 .rel.fini      0x0000000000010d80        0x0 /usr/lib/gcc/i686-linux-gnu/5/../../../i386-linux-gnu/crti.o
 *(.rel.rodata .rel.rodata.* .rel.gnu.linkonce.r.*)
 .rel.rodata    0x0000000000010d80      0x588 /usr/lib/gcc/i686-linux-gnu/5/../../../i386-linux-gnu/crti.o
 *(.rel.data.rel.ro .rel.data.rel.ro.* .rel.gnu.linkonce.d.rel.ro.*)
 *(.rel.data .rel.data.* .rel.gnu.linkonce.d.*)
 .rel.data.rel.local
                0x0000000000011308        0x8 /usr/lib/gcc/i686-linux-gnu/5/../../../i386-linux-gnu/crti.o
 .rel.data      0x0000000000011310      0x408 /usr/lib/gcc/i686-linux-gnu/5/../../../i386-linux-gnu/crti.o
 *(.rel.tdata .rel.tdata.* .rel.gnu.linkonce.td.*)
 *(.rel.tbss .rel.tbss.* .rel.gnu.linkonce.tb.*)
 *(.rel.ctors)
 *(.rel.dtors)
 *(.rel.got)
 .rel.got       0x0000000000011718       0x28 /usr/lib/gcc/i686-linux-gnu/5/../../../i386-linux-gnu/crti.o
 *(.rel.bss .rel.bss.* .rel.gnu.linkonce.b.*)
 *(.rel.ifunc)
 .rel.ifunc     0x0000000000011740        0x0 /usr/lib/gcc/i686-linux-gnu/5/../../../i386-linux-gnu/crti.o
 .rel.fini_array
                0x0000000000011740        0x8 /usr/lib/gcc/i686-linux-gnu/5/../../../i386-linux-gnu/crti.o
 .rel.init_array
                0x0000000000011748        0x8 /usr/lib/gcc/i686-linux-gnu/5/../../../i386-linux-gnu/crti.o

.rel.plt        0x0000000000011750        0x0
 *(.rel.plt)
 .rel.plt       0x0000000000011750        0x0 /usr/lib/gcc/i686-linux-gnu/5/../../../i386-linux-gnu/crti.o
 *(.rel.iplt)

.init           0x0000000000011750       0x23
 *(SORT(.init))
 .init          0x0000000000011750       0x1e /usr/lib/gcc/i686-linux-gnu/5/../../../i386-linux-gnu/crti.o
                0x0000000000011750                _init
 .init          0x000000000001176e        0x5 /usr/lib/gcc/i686-linux-gnu/5/../../../i386-linux-gnu/crtn.o

.plt            0x0000000000011780       0x10
 *(.plt)
 .plt           0x0000000000011780       0x10 /usr/lib/gcc/i686-linux-gnu/5/../../../i386-linux-gnu/crti.o
 *(.iplt)

.plt.got        0x0000000000011790       0x10
 *(.plt.got)
 .plt.got       0x0000000000011790       0x10 /usr/lib/gcc/i686-linux-gnu/5/../../../i386-linux-gnu/crti.o

.text           0x00000000000117a0    0x18992
 *(.text.unlikely .text.*_unlikely .text.unlikely.*)
 .text.unlikely
                0x00000000000117a0        0x0 /usr/lib/gcc/i686-linux-gnu/5/crtbeginS.o
 .text.unlikely
                0x00000000000117a0        0x0 /usr/lib/gcc/i686-linux-gnu/5/libgcc.a(_udivdi3.o)
 *(.text.exit .text.exit.*)
 *(.text.startup .text.startup.*)
 *(.text.hot .text.hot.*)
 *(.text .stub .text.* .gnu.linkonce.t.*)
 .text          0x00000000000117a0        0x0 /usr/lib/gcc/i686-linux-gnu/5/../../../i386-linux-gnu/crti.o
 .gnu.linkonce.t.__x86.get_pc_thunk.bx
                0x00000000000117a0        0x4 /usr/lib/gcc/i686-linux-gnu/5/../../../i386-linux-gnu/crti.o
                0x00000000000117a0                __x86.get_pc_thunk.bx
 *fill*         0x00000000000117a4        0xc 
 .text          0x00000000000117b0      0x11c /usr/lib/gcc/i686-linux-gnu/5/crtbeginS.o
 .text.__x86.get_pc_thunk.dx
                0x00000000000118cc        0x4 /usr/lib/gcc/i686-linux-gnu/5/crtbeginS.o
                0x00000000000118cc                __x86.get_pc_thunk.dx
 .text          0x00000000000118d0      0x23d cool_node.o
                0x00000000000118d0                client_chunk_handler
 .text          0x0000000000011b0d      0x283 build/cooja/mtype465.o
                0x0000000000011b9f                platform_init_stage_one
                0x0000000000011bb2                platform_init_stage_two
                0x0000000000011bc5                platform_init_stage_three
                0x0000000000011bd8                platform_main_loop
                0x0000000000011c4b                Java_org_contikios_cooja_corecomm_Lib22_init
                0x0000000000011c82                Java_org_contikios_cooja_corecomm_Lib22_getMemory
                0x0000000000011cb5                Java_org_contikios_cooja_corecomm_Lib22_setMemory
                0x0000000000011d15                Java_org_contikios_cooja_corecomm_Lib22_tick
                0x0000000000011d7d                Java_org_contikios_cooja_corecomm_Lib22_setReferenceAddress
 .text          0x0000000000011d90       0x65 build/cooja/mtype465.a(simEnvChange.o)
                0x0000000000011d90                doActionsBeforeTick
                0x0000000000011dc2                doActionsAfterTick
 .text          0x0000000000011df5       0x83 build/cooja/mtype465.a(cooja_mt.o)
                0x0000000000011df5                cooja_mt_start
                0x0000000000011e1f                cooja_mt_exec
                0x0000000000011e55                cooja_mt_yield
 .text          0x0000000000011e78       0xbe build/cooja/mtype465.a(cooja_mtarch.o)
                0x0000000000011e78                cooja_mtarch_start
                0x0000000000011eeb                cooja_sw
                0x0000000000011f0e                cooja_mtarch_exec
                0x0000000000011f2b                cooja_mtarch_yield
 .text          0x0000000000011f36       0xc5 build/cooja/mtype465.a(rtimer-arch.o)
                0x0000000000011f36                rtimer_arch_init
                0x0000000000011f5a                rtimer_arch_schedule
                0x0000000000011f8a                rtimer_arch_next
                0x0000000000011f9a                rtimer_arch_pending
                0x0000000000011fa4                rtimer_arch_check
                0x0000000000011feb                rtimer_arch_now
 .text          0x0000000000011ffb       0x81 build/cooja/mtype465.a(beep.o)
                0x0000000000011ffb                beep_alarm
                0x0000000000012008                beep_beep
                0x0000000000012015                beep
                0x0000000000012022                beep_down
                0x000000000001202f                beep_on
                0x000000000001203c                beep_off
                0x0000000000012049                beep_spinup
                0x0000000000012056                beep_quick
                0x0000000000012063                beep_long
 .text          0x000000000001207c       0x65 build/cooja/mtype465.a(leds-arch.o)
                0x000000000001208f                leds_arch_init
 .text          0x00000000000120e1       0x35 build/cooja/mtype465.a(moteid.o)
 .text          0x0000000000012116       0xb7 build/cooja/mtype465.a(pir-sensor.o)
 .text          0x00000000000121cd      0x148 build/cooja/mtype465.a(rs232.o)
                0x00000000000121cd                rs232_init
                0x00000000000121d3                rs232_set_speed
                0x00000000000121e2                rs232_set_input
                0x00000000000121f0                rs232_send
                0x0000000000012214                rs232_print
                0x0000000000012230                slip_arch_writeb
 .text          0x0000000000012315       0xb7 build/cooja/mtype465.a(vib-sensor.o)
 .text          0x00000000000123cc       0x38 build/cooja/mtype465.a(clock.o)
                0x00000000000123cc                clock_init
                0x00000000000123d2                clock_time
                0x00000000000123dc                clock_seconds
                0x00000000000123f2                clock_delay
 .text          0x0000000000012404      0x219 build/cooja/mtype465.a(cooja-log.o)
                0x0000000000012404                simlog_char
                0x0000000000012447                simlog
                0x00000000000124bd                log_message
                0x00000000000124ee                log_set_putchar_with_slip
                0x00000000000124fc                log_putchar
                0x0000000000012577                log_puts
                0x000000000001259f                log_printf
 .text          0x000000000001261d      0x2b9 build/cooja/mtype465.a(cfs-cooja.o)
                0x000000000001261d                cfs_open
                0x0000000000012686                cfs_close
                0x0000000000012693                cfs_read
                0x0000000000012728                cfs_write
                0x0000000000012804                cfs_seek
                0x000000000001288c                cfs_remove
                0x00000000000128b0                cfs_opendir
                0x00000000000128ba                cfs_readdir
                0x00000000000128c4                cfs_closedir
 .text          0x00000000000128d6      0x620 build/cooja/mtype465.a(cooja-radio.o)
                0x0000000000012918                radio_set_channel
                0x0000000000012926                radio_set_txpower
                0x000000000001293e                radio_signal_strength_last
                0x0000000000012948                radio_signal_strength_current
                0x0000000000012952                radio_LQI
 .text          0x0000000000012ef6       0xee build/cooja/mtype465.a(eeprom.o)
                0x0000000000012ef6                eeprom_init
                0x0000000000012efc                eeprom_read
                0x0000000000012f6a                eeprom_write
 .text          0x0000000000012fe4       0x2d build/cooja/mtype465.a(random.o)
                0x0000000000012fe4                random_init
                0x0000000000013004                random_rand
 .text          0x0000000000013011      0x29c build/cooja/mtype465.a(sensors.o)
                0x000000000001304c                sensors_first
                0x0000000000013056                sensors_next
                0x0000000000013070                sensors_changed
                0x00000000000130a4                sensors_find
 .text          0x00000000000132ad      0x349 build/cooja/mtype465.a(leds.o)
                0x00000000000132ad                leds_init
                0x00000000000132f4                leds_single_on
                0x0000000000013353                leds_single_off
                0x00000000000133b2                leds_single_toggle
                0x00000000000133e4                leds_on
                0x0000000000013466                leds_off
                0x00000000000134e8                leds_toggle
                0x000000000001353d                leds_set
                0x0000000000013569                leds_get
 .text          0x00000000000135f6      0x343 build/cooja/mtype465.a(gpio-hal-arch.o)
                0x00000000000135f6                gpio_hal_arch_register_pin_callback
                0x0000000000013662                gpio_hal_arch_init
                0x00000000000136a7                gpio_hal_arch_no_port_interrupt_enable
                0x00000000000136d7                gpio_hal_arch_no_port_interrupt_disable
                0x0000000000013707                gpio_hal_arch_no_port_pin_cfg_set
                0x000000000001372c                gpio_hal_arch_no_port_pin_cfg_get
                0x0000000000013752                gpio_hal_arch_no_port_pin_set_input
                0x0000000000013764                gpio_hal_arch_no_port_pin_set_output
                0x0000000000013776                gpio_hal_arch_no_port_set_pin
                0x0000000000013797                gpio_hal_arch_no_port_clear_pin
                0x00000000000137b8                gpio_hal_arch_no_port_read_pin
                0x00000000000137de                gpio_hal_arch_no_port_write_pin
                0x0000000000013808                gpio_hal_arch_no_port_set_pins
                0x000000000001384f                gpio_hal_arch_no_port_clear_pins
                0x0000000000013896                gpio_hal_arch_no_port_read_pins
                0x00000000000138d9                gpio_hal_arch_no_port_write_pins
 .text          0x0000000000013939       0x89 build/cooja/mtype465.a(buttons.o)
 .text          0x00000000000139c2      0x368 build/cooja/mtype465.a(res_cooler.o)
 .text          0x0000000000013d2a      0x333 build/cooja/mtype465.a(res_temperature)
 .text          0x000000000001405d      0x27b build/cooja/mtype465.a(coap-blocking-a)
                0x000000000001405d                coap_blocking_request_callback
                0x0000000000014087                coap_blocking_request
 .text          0x00000000000142d8      0xbea build/cooja/mtype465.a(coap-engine.o)
                0x000000000001436d                coap_add_handler
                0x000000000001438a                coap_remove_handler
                0x00000000000143a7                coap_call_handlers
                0x00000000000144af                coap_receive
                0x0000000000014aaa                coap_engine_init
                0x0000000000014b08                coap_activate_resource
                0x0000000000014bb3                coap_get_first_resource
                0x0000000000014bcc                coap_get_next_resource
 .text          0x0000000000014ec2      0x2d9 build/cooja/mtype465.a(coap-res-well-k)
 .text          0x000000000001519b      0x96a build/cooja/mtype465.a(coap-observe.o)
                0x00000000000152b0                coap_remove_observer
                0x00000000000152e0                coap_remove_observer_by_client
                0x0000000000015348                coap_remove_observer_by_token
                0x00000000000153db                coap_remove_observer_by_uri
                0x0000000000015482                coap_remove_observer_by_mid
                0x00000000000154fe                coap_notify_observers
                0x0000000000015517                coap_notify_observers_sub
                0x0000000000015981                coap_observe_handler
                0x0000000000015a9c                coap_has_observers
 .text          0x0000000000015b05      0x733 build/cooja/mtype465.a(coap-uip.o)
                0x0000000000015b05                coap_endpoint_log
                0x0000000000015b8b                coap_endpoint_print
                0x0000000000015c11                coap_endpoint_snprint
                0x0000000000015d44                coap_endpoint_copy
                0x0000000000015d81                coap_endpoint_cmp
                0x0000000000015e8f                coap_endpoint_parse
                0x000000000001607a                coap_endpoint_is_secure
                0x0000000000016089                coap_endpoint_is_connected
                0x00000000000160bd                coap_endpoint_connect
                0x00000000000160d9                coap_endpoint_disconnect
                0x00000000000160df                coap_databuf
                0x00000000000160e9                coap_transport_init
                0x0000000000016139                coap_sendto
 .text          0x0000000000016238      0x324 build/cooja/mtype465.a(coap-timer.o)
                0x0000000000016335                coap_timer_stop
                0x0000000000016360                coap_timer_set
                0x00000000000163a3                coap_timer_reset
                0x00000000000163e6                coap_timer_time_to_next_expiration
                0x0000000000016452                coap_timer_run
                0x000000000001651e                coap_timer_init
 .text          0x000000000001655c      0x2c6 build/cooja/mtype465.a(coap-transactio)
                0x00000000000165c2                coap_new_transaction
                0x0000000000016628                coap_send_transaction
                0x0000000000016789                coap_clear_transaction
                0x00000000000167d1                coap_get_transaction_by_mid
 .text          0x0000000000016822     0x1c53 build/cooja/mtype465.a(coap.o)
                0x0000000000016d8f                coap_init_connection
                0x0000000000016da3                coap_get_mid
                0x0000000000016dbf                coap_init_message
                0x0000000000016e08                coap_serialize_message
                0x000000000001748a                coap_parse_message
                0x0000000000017af1                coap_get_query_variable
                0x0000000000017b33                coap_get_post_variable
                0x0000000000017b77                coap_set_status_code
                0x0000000000017b9c                coap_set_token
                0x0000000000017be3                coap_get_header_content_format
                0x0000000000017c14                coap_set_header_content_format
                0x0000000000017c37                coap_get_header_accept
                0x0000000000017c68                coap_set_header_accept
                0x0000000000017c8b                coap_get_header_max_age
                0x0000000000017cbc                coap_set_header_max_age
                0x0000000000017cdc                coap_get_header_etag
                0x0000000000017d0e                coap_set_header_etag
                0x0000000000017d65                coap_get_header_if_match
                0x0000000000017d97                coap_set_header_if_match
                0x0000000000017dee                coap_get_header_if_none_match
                0x0000000000017e08                coap_set_header_if_none_match
                0x0000000000017e1f                coap_get_header_proxy_uri
                0x0000000000017e4d                coap_set_header_proxy_uri
                0x0000000000017e8a                coap_get_header_uri_host
                0x0000000000017eb8                coap_set_header_uri_host
                0x0000000000017ef5                coap_get_header_uri_path
                0x0000000000017f23                coap_set_header_uri_path
                0x0000000000017f70                coap_get_header_uri_query
                0x0000000000017fa4                coap_set_header_uri_query
                0x0000000000017ffa                coap_get_header_location_path
                0x0000000000018028                coap_set_header_location_path
                0x00000000000180c1                coap_get_header_location_query
                0x00000000000180ef                coap_set_header_location_query
                0x000000000001813c                coap_get_header_observe
                0x000000000001816b                coap_set_header_observe
                0x000000000001818b                coap_get_header_block2
                0x00000000000181f7                coap_set_header_block2
                0x000000000001826e                coap_get_header_block1
                0x00000000000182e3                coap_set_header_block1
                0x000000000001835e                coap_get_header_size2
                0x000000000001838e                coap_set_header_size2
                0x00000000000183b1                coap_get_header_size1
                0x00000000000183e1                coap_set_header_size1
                0x0000000000018404                coap_get_payload
                0x000000000001843e                coap_set_payload
 .text          0x0000000000018475      0x332 build/cooja/mtype465.a(contiki-main.o)
                0x0000000000018475                main
 .text          0x00000000000187a7       0x92 build/cooja/mtype465.a(autostart.o)
                0x00000000000187a7                autostart_start
                0x00000000000187f1                autostart_exit
 .text          0x0000000000018839      0x355 build/cooja/mtype465.a(ctimer.o)
                0x0000000000018961                ctimer_init
                0x0000000000018994                ctimer_set
                0x00000000000189ba                ctimer_set_with_process
                0x0000000000018a37                ctimer_reset
                0x0000000000018a8b                ctimer_restart
                0x0000000000018adf                ctimer_stop
                0x0000000000018b2f                ctimer_expired
 .text          0x0000000000018b8e      0x394 build/cooja/mtype465.a(log.o)
                0x0000000000018b8e                log_6addr
                0x0000000000018be1                log_6addr_compact_snprint
                0x0000000000018c7f                log_6addr_compact
                0x0000000000018cd2                log_lladdr
                0x0000000000018d44                log_lladdr_compact
                0x0000000000018dac                log_set_level
                0x0000000000018e67                log_get_level
                0x0000000000018ee0                log_level_to_str
 .text          0x0000000000018f22       0x1b build/cooja/mtype465.a(energest.o)
                0x0000000000018f22                energest_init
                0x0000000000018f28                energest_flush
                0x0000000000018f2e                energest_get_total_time
 .text          0x0000000000018f3d      0x43f build/cooja/mtype465.a(etimer.o)
                0x0000000000019161                etimer_request_poll
                0x00000000000191ea                etimer_set
                0x0000000000019213                etimer_reset_with_new_interval
                0x0000000000019242                etimer_reset
                0x0000000000019268                etimer_restart
                0x000000000001928e                etimer_adjust
                0x00000000000192ab                etimer_expired
                0x00000000000192be                etimer_expiration_time
                0x00000000000192d0                etimer_start_time
                0x00000000000192da                etimer_pending
                0x00000000000192ec                etimer_next_expiration_time
                0x0000000000019306                etimer_stop
 .text          0x000000000001937c       0x25 build/cooja/mtype465.a(node-id.o)
                0x000000000001937c                node_id_init
 .text          0x00000000000193a1       0xeb build/cooja/mtype465.a(rtimer.o)
                0x00000000000193a1                rtimer_init
                0x00000000000193af                rtimer_set
                0x000000000001942a                rtimer_run_next
 .text          0x000000000001948c      0x4fb build/cooja/mtype465.a(process.o)
                0x000000000001948c                process_alloc_event
                0x00000000000194a1                process_start
                0x000000000001967b                process_exit
                0x0000000000019698                process_init
                0x000000000001982d                process_run
                0x0000000000019860                process_nevents
                0x000000000001987b                process_post
                0x000000000001990e                process_post_synch
                0x0000000000019943                process_poll
                0x0000000000019973                process_is_running
 .text          0x0000000000019987       0xb1 build/cooja/mtype465.a(timer.o)
                0x0000000000019987                timer_set
                0x00000000000199a5                timer_reset
                0x00000000000199d2                timer_restart
                0x00000000000199e7                timer_expired
                0x0000000000019a14                timer_remaining
 .text          0x0000000000019a38      0x28f build/cooja/mtype465.a(list.o)
                0x0000000000019a38                list_init
                0x0000000000019a47                list_head
                0x0000000000019a51                list_copy
                0x0000000000019a61                list_tail
                0x0000000000019a97                list_add
                0x0000000000019ae3                list_push
                0x0000000000019b0f                list_chop
                0x0000000000019b79                list_pop
                0x0000000000019ba1                list_remove
                0x0000000000019c09                list_length
                0x0000000000019c37                list_insert
                0x0000000000019c7c                list_item_next
                0x0000000000019c93                list_contains
 .text          0x0000000000019cc7      0x1b5 build/cooja/mtype465.a(memb.o)
                0x0000000000019cc7                memb_init
                0x0000000000019d1c                memb_alloc
                0x0000000000019d7f                memb_free
                0x0000000000019df6                memb_inmemb
                0x0000000000019e35                memb_numfree
 .text          0x0000000000019e7c      0x41c build/cooja/mtype465.a(button-hal.o)
                0x0000000000019ff5                button_hal_get_by_id
                0x000000000001a033                button_hal_get_by_index
                0x000000000001a05f                button_hal_get_state
                0x000000000001a0b1                button_hal_init
 .text          0x000000000001a298      0x1f3 build/cooja/mtype465.a(serial-line.o)
                0x000000000001a298                serial_line_input_byte
                0x000000000001a456                serial_line_init
 .text          0x000000000001a48b      0x168 build/cooja/mtype465.a(gpio-hal.o)
                0x000000000001a48b                gpio_hal_register_handler
                0x000000000001a4a8                gpio_hal_event_handler
                0x000000000001a504                gpio_hal_init
                0x000000000001a523                gpio_hal_arch_port_toggle_pin
                0x000000000001a55f                gpio_hal_arch_port_toggle_pins
                0x000000000001a58d                gpio_hal_arch_no_port_toggle_pin
                0x000000000001a5cb                gpio_hal_arch_no_port_toggle_pins
 .text          0x000000000001a5f3      0x2e7 build/cooja/mtype465.a(queuebuf.o)
                0x000000000001a5fd                queuebuf_init
                0x000000000001a626                queuebuf_numfree
                0x000000000001a63e                queuebuf_new_from_packetbuf
                0x000000000001a6dd                queuebuf_update_attr_from_packetbuf
                0x000000000001a712                queuebuf_update_from_packetbuf
                0x000000000001a762                queuebuf_free
                0x000000000001a7ab                queuebuf_to_packetbuf
                0x000000000001a817                queuebuf_dataptr
                0x000000000001a851                queuebuf_datalen
                0x000000000001a874                queuebuf_addr
                0x000000000001a8a9                queuebuf_attr
                0x000000000001a8d4                queuebuf_debug_print
 .text          0x000000000001a8da      0x407 build/cooja/mtype465.a(packetbuf.o)
                0x000000000001a8da                packetbuf_clear
                0x000000000001a905                packetbuf_copyfrom
                0x000000000001a954                packetbuf_copyto
                0x000000000001a9e7                packetbuf_hdralloc
                0x000000000001aa63                packetbuf_hdrreduce
                0x000000000001aaa9                packetbuf_set_datalen
                0x000000000001aac3                packetbuf_dataptr
                0x000000000001aae0                packetbuf_hdrptr
                0x000000000001aaea                packetbuf_datalen
                0x000000000001aaf6                packetbuf_hdrlen
                0x000000000001ab0d                packetbuf_totlen
                0x000000000001ab23                packetbuf_remaininglen
                0x000000000001ab36                packetbuf_attr_clear
                0x000000000001ab82                packetbuf_attr_copyto
                0x000000000001abda                packetbuf_attr_copyfrom
                0x000000000001ac32                packetbuf_set_attr
                0x000000000001ac5c                packetbuf_attr
                0x000000000001ac76                packetbuf_set_addr
                0x000000000001aca7                packetbuf_addr
                0x000000000001acc4                packetbuf_holds_broadcast
 .text          0x000000000001ace1       0xef build/cooja/mtype465.a(netstack.o)
                0x000000000001ace1                netstack_process_ip_callback
                0x000000000001ad72                netstack_ip_packet_processor_add
                0x000000000001ad95                uip_ds6_ip_packet_processor_rm
                0x000000000001adb2                netstack_init
 .text          0x000000000001add0       0x4f build/cooja/mtype465.a(linkaddr.o)
                0x000000000001add0                linkaddr_copy
                0x000000000001ade6                linkaddr_cmp
                0x000000000001ae09                linkaddr_set_node_addr
 .text          0x000000000001ae1f      0x1f6 build/cooja/mtype465.a(csma.o)
 .text          0x000000000001b015      0x95d build/cooja/mtype465.a(csma-output.o)
                0x000000000001b6ac                csma_output_packet
                0x000000000001b939                csma_output_init
 .text          0x000000000001b972      0xc11 build/cooja/mtype465.a(uip-ds6.o)
                0x000000000001b972                uip_ds6_default_prefix
                0x000000000001b97c                uip_ds6_set_default_prefix
                0x000000000001b9a7                uip_ds6_init
                0x000000000001bc09                uip_ds6_periodic
                0x000000000001bc90                uip_ds6_list_loop
                0x000000000001bd50                uip_ds6_prefix_add
                0x000000000001bdfc                uip_ds6_prefix_rm
                0x000000000001be0f                uip_ds6_prefix_lookup
                0x000000000001be4e                uip_ds6_is_addr_onlink
                0x000000000001bec1                uip_ds6_addr_add
                0x000000000001bfe1                uip_ds6_addr_rm
                0x000000000001c08a                uip_ds6_addr_lookup
                0x000000000001c0c3                uip_ds6_get_link_local
                0x000000000001c144                uip_ds6_get_global
                0x000000000001c1c5                uip_ds6_maddr_add
                0x000000000001c225                uip_ds6_maddr_rm
                0x000000000001c238                uip_ds6_maddr_lookup
                0x000000000001c271                uip_ds6_aaddr_add
                0x000000000001c2d1                uip_ds6_aaddr_rm
                0x000000000001c2e4                uip_ds6_aaddr_lookup
                0x000000000001c31d                uip_ds6_select_src
                0x000000000001c466                uip_ds6_set_addr_iid
                0x000000000001c491                uip_ds6_set_lladdr_from_iid
                0x000000000001c4ba                get_match_length
                0x000000000001c54b                uip_ds6_compute_reachable_time
 .text          0x000000000001c583      0x128 build/cooja/mtype465.a(uip-udp-packet.)
                0x000000000001c583                uip_udp_packet_send
                0x000000000001c5de                uip_udp_packet_sendto
 .text          0x000000000001c6ab      0x35b build/cooja/mtype465.a(uip-ds6-route.o)
                0x000000000001c6fc                uip_ds6_route_init
                0x000000000001c726                uip_ds6_route_nexthop
                0x000000000001c730                uip_ds6_route_head
                0x000000000001c73a                uip_ds6_route_next
                0x000000000001c744                uip_ds6_route_is_nexthop
                0x000000000001c74e                uip_ds6_route_num_routes
                0x000000000001c758                uip_ds6_route_lookup
                0x000000000001c762                uip_ds6_route_add
                0x000000000001c775                uip_ds6_route_rm
                0x000000000001c77b                uip_ds6_route_rm_by_nexthop
                0x000000000001c781                uip_ds6_defrt_head
                0x000000000001c79a                uip_ds6_defrt_add
                0x000000000001c848                uip_ds6_defrt_rm
                0x000000000001c8ae                uip_ds6_defrt_lookup
                0x000000000001c915                uip_ds6_defrt_choose
                0x000000000001c98b                uip_ds6_defrt_periodic
 .text          0x000000000001ca06      0x6f7 build/cooja/mtype465.a(tcpip.o)
                0x000000000001ca20                tcpip_output
                0x000000000001ca9f                udp_attach
                0x000000000001cab7                udp_new
                0x000000000001cb01                udp_broadcast_new
                0x000000000001cc73                tcpip_input
                0x000000000001ce03                tcpip_ipv6_output
                0x000000000001cff7                tcpip_poll_udp
                0x000000000001d015                tcpip_uipcall
 .text          0x000000000001d0fd     0x1205 build/cooja/mtype465.a(uip6.o)
                0x000000000001d1ac                uip_chksum
                0x000000000001d283                uip_icmp6chksum
                0x000000000001d298                uip_udpchksum
                0x000000000001d2ad                uip_init
                0x000000000001d2f6                uip_remove_ext_hdr
                0x000000000001d3d0                uip_udp_new
                0x000000000001d6e4                uip_process
                0x000000000001e1dc                uip_htons
                0x000000000001e1fe                uip_htonl
                0x000000000001e23c                uip_send
 .text          0x000000000001e302      0x369 build/cooja/mtype465.a(uip-ds6-nbr.o)
                0x000000000001e302                uip_ds6_neighbors_init
                0x000000000001e326                uip_ds6_nbr_add
                0x000000000001e3ac                uip_ds6_nbr_rm
                0x000000000001e3f7                uip_ds6_nbr_update_ll
                0x000000000001e4e5                uip_ds6_nbr_get_ipaddr
                0x000000000001e4fa                uip_ds6_nbr_get_ll
                0x000000000001e516                uip_ds6_nbr_num
                0x000000000001e55f                uip_ds6_nbr_head
                0x000000000001e578                uip_ds6_nbr_next
                0x000000000001e594                uip_ds6_nbr_lookup
                0x000000000001e5ec                uip_ds6_nbr_ll_lookup
                0x000000000001e608                uip_ds6_nbr_ipaddr_from_lladdr
                0x000000000001e631                uip_ds6_nbr_lladdr_from_ipaddr
                0x000000000001e665                uip_ds6_link_callback
 .text          0x000000000001e66b      0x6a7 build/cooja/mtype465.a(uip-nd6.o)
                0x000000000001ecf9                uip_nd6_init
 .text          0x000000000001ed12     0x2c17 build/cooja/mtype465.a(sicslowpan.o)
                0x000000000001f319                netstack_sniffer_add
                0x000000000001f327                netstack_sniffer_remove
                0x00000000000218fd                sicslowpan_init
                0x000000000002191f                sicslowpan_get_last_rssi
 .text          0x0000000000021929      0x4d1 build/cooja/mtype465.a(uiplib.o)
                0x0000000000021929                uiplib_ip6addrconv
                0x0000000000021ae1                uiplib_ip4addrconv
                0x0000000000021ba4                uiplib_ipaddr_print
                0x0000000000021bf7                uiplib_ipaddr_snprint
 .text          0x0000000000021dfa      0x4c9 build/cooja/mtype465.a(rpl.o)
                0x0000000000021dfa                rpl_lollipop_greater_than
                0x0000000000021e54                rpl_get_global_address
                0x0000000000021f4c                rpl_link_callback
                0x0000000000021f90                rpl_has_joined
                0x0000000000021fb5                rpl_is_reachable
                0x0000000000022036                rpl_reset_prefix
                0x00000000000220a0                rpl_set_prefix_from_addr
                0x0000000000022185                rpl_set_prefix
                0x000000000002229f                rpl_set_leaf_only
                0x00000000000222b7                rpl_get_leaf_only
 .text          0x00000000000222c3     0x138c build/cooja/mtype465.a(rpl-icmp6.o)
                0x00000000000223e8                rpl_icmp6_update_nbr_table
                0x0000000000022471                rpl_icmp6_dis_output
                0x0000000000022ab7                rpl_icmp6_dio_output
                0x00000000000232b5                rpl_icmp6_dao_output
                0x0000000000023596                rpl_icmp6_dao_ack_output
                0x0000000000023606                rpl_icmp6_init
 .text          0x000000000002364f      0x264 build/cooja/mtype465.a(rpl-dag-root.o)
                0x000000000002364f                rpl_dag_root_print_links
                0x000000000002377b                rpl_dag_root_set_prefix
                0x00000000000237a7                rpl_dag_root_start
                0x0000000000023884                rpl_dag_root_is_root
 .text          0x00000000000238b3       0x30 build/cooja/mtype465.a(watchdog.o)
                0x00000000000238b3                watchdog_init
                0x00000000000238b9                watchdog_start
                0x00000000000238bf                watchdog_periodic
                0x00000000000238d7                watchdog_stop
                0x00000000000238dd                watchdog_reboot
 .text          0x00000000000238e3       0x4a build/cooja/mtype465.a(int-master.o)
                0x00000000000238e3                int_master_enable
                0x00000000000238f3                int_master_read_and_disable
                0x0000000000023910                int_master_status_set
                0x000000000002391e                int_master_is_enabled
 .text          0x000000000002392d      0x226 build/cooja/mtype465.a(coap-timer-defa)
 .text          0x0000000000023b53       0xc7 build/cooja/mtype465.a(stimer.o)
                0x0000000000023b53                stimer_set
                0x0000000000023b71                stimer_reset
                0x0000000000023b9e                stimer_restart
                0x0000000000023bb3                stimer_expired
                0x0000000000023bde                stimer_remaining
                0x0000000000023c02                stimer_elapsed
 .text          0x0000000000023c1a      0x156 build/cooja/mtype465.a(ringbuf.o)
                0x0000000000023c1a                ringbuf_init
                0x0000000000023c4c                ringbuf_put
                0x0000000000023cca                ringbuf_get
                0x0000000000023d37                ringbuf_size
                0x0000000000023d49                ringbuf_elements
 .text          0x0000000000023d70       0x1f build/cooja/mtype465.a(assert.o)
                0x0000000000023d70                _xassert
 .text          0x0000000000023d8f      0x79b build/cooja/mtype465.a(nbr-table.o)
                0x0000000000024208                nbr_table_register
                0x0000000000024275                nbr_table_is_registered
                0x00000000000242b0                nbr_table_head
                0x000000000002430b                nbr_table_next
                0x000000000002436c                nbr_table_add_lladdr
                0x0000000000024446                nbr_table_get_from_lladdr
                0x0000000000024492                nbr_table_remove
                0x00000000000244ca                nbr_table_lock
                0x00000000000244e4                nbr_table_unlock
                0x00000000000244fe                nbr_table_get_lladdr
 .text          0x000000000002452a      0x3a5 build/cooja/mtype465.a(link-stats.o)
                0x000000000002452a                link_stats_from_lladdr
                0x0000000000024546                link_stats_get_lladdr
                0x0000000000024562                link_stats_is_fresh
                0x000000000002459e                guess_etx_from_rssi
                0x000000000002461a                link_stats_packet_sent
                0x000000000002473a                link_stats_input_callback
                0x000000000002484a                link_stats_reset
                0x000000000002489a                link_stats_init
 .text          0x00000000000248cf      0x187 build/cooja/mtype465.a(mac-sequence.o)
                0x00000000000248cf                mac_sequence_is_duplicate
                0x000000000002496f                mac_sequence_register_seqno
 .text          0x0000000000024a56       0x23 build/cooja/mtype465.a(mac.o)
                0x0000000000024a56                mac_call_sent_callback
 .text          0x0000000000024a79      0x432 build/cooja/mtype465.a(framer-802154.o)
                0x0000000000024c08                framer_802154_setup_params
 .text          0x0000000000024eab      0xb6f build/cooja/mtype465.a(frame802154.o)
                0x0000000000024edc                frame802154_get_pan_id
                0x0000000000024ee8                frame802154_set_pan_id
                0x0000000000024f02                frame802154_has_panid
                0x00000000000250b1                frame802154_check_dest_panid
                0x0000000000025139                frame802154_is_broadcast_addr
                0x0000000000025186                frame802154_extract_linkaddr
                0x00000000000253eb                frame802154_hdrlen
                0x000000000002545e                frame802154_create_fcf
                0x0000000000025516                frame802154_create
                0x000000000002568b                frame802154_parse_fcf
                0x000000000002576d                frame802154_parse
 .text          0x0000000000025a1a       0x2d build/cooja/mtype465.a(csma-security.o)
                0x0000000000025a1a                csma_security_create_frame
                0x0000000000025a38                csma_security_parse_frame
 .text          0x0000000000025a47      0x4e4 build/cooja/mtype465.a(uipbuf.o)
                0x0000000000025a47                uipbuf_clear
                0x0000000000025a6e                uipbuf_add_ext_hdr
                0x0000000000025aee                uipbuf_set_len
                0x0000000000025b1b                uipbuf_set_len_field
                0x0000000000025b47                uipbuf_get_len_field
                0x0000000000025b67                uipbuf_get_next_header
                0x0000000000025c99                uipbuf_get_last_header
                0x0000000000025d12                uipbuf_search_header
                0x0000000000025dc8                uipbuf_get_attr
                0x0000000000025def                uipbuf_set_attr
                0x0000000000025e26                uipbuf_set_default_attr
                0x0000000000025e5d                uipbuf_clear_attr
                0x0000000000025e81                uipbuf_set_attr_flag
                0x0000000000025ea2                uipbuf_clr_attr_flag
                0x0000000000025ec9                uipbuf_is_attr_flag
                0x0000000000025eed                uipbuf_init
 .text          0x0000000000025f2b      0x73f build/cooja/mtype465.a(uip-icmp6.o)
                0x0000000000025fa0                uip_icmp6_input
                0x0000000000025ff7                uip_icmp6_register_input_handler
                0x000000000002614a                uip_icmp6_error_output
                0x00000000000263fb                uip_icmp6_send
                0x00000000000265f2                uip_icmp6_echo_reply_callback_add
                0x0000000000026624                uip_icmp6_echo_reply_callback_rm
                0x0000000000026641                uip_icmp6_init
 .text          0x000000000002666a      0x69b build/cooja/mtype465.a(uip-sr.o)
                0x000000000002666a                uip_sr_num_nodes
                0x00000000000266f8                uip_sr_get_node
                0x000000000002674f                uip_sr_is_addr_reachable
                0x00000000000267fd                uip_sr_expire_parent
                0x0000000000026846                uip_sr_update_node
                0x0000000000026976                uip_sr_init
                0x00000000000269aa                uip_sr_node_head
                0x00000000000269c3                uip_sr_node_next
                0x00000000000269d9                uip_sr_periodic
                0x0000000000026adf                uip_sr_free_all
                0x0000000000026b4f                uip_sr_link_snprint
 .text          0x0000000000026d05      0x146 build/cooja/mtype465.a(uip-packetqueue)
                0x0000000000026d33                uip_packetqueue_new
                0x0000000000026d42                uip_packetqueue_alloc
                0x0000000000026d9d                uip_packetqueue_free
                0x0000000000026de4                uip_packetqueue_buf
                0x0000000000026e01                uip_packetqueue_buflen
                0x0000000000026e22                uip_packetqueue_set_buflen
 .text          0x0000000000026e4b      0x1b0 build/cooja/mtype465.a(rpl-nbr-policy.)
                0x0000000000026fb8                rpl_nbr_policy_find_removable
 .text          0x0000000000026ffb      0x915 build/cooja/mtype465.a(rpl-neighbor.o)
                0x0000000000027077                rpl_neighbor_snprint
                0x000000000002732a                rpl_neighbor_print_list
                0x00000000000273df                rpl_neighbor_count
                0x0000000000027486                rpl_neighbor_get_from_lladdr
                0x00000000000274a2                rpl_neighbor_is_acceptable_parent
                0x00000000000274d6                rpl_neighbor_get_link_metric
                0x000000000002750a                rpl_neighbor_rank_via_nbr
                0x000000000002753e                rpl_neighbor_get_lladdr
                0x000000000002755a                rpl_neighbor_get_ipaddr
                0x0000000000027581                rpl_neighbor_get_link_stats
                0x00000000000275a8                rpl_neighbor_is_fresh
                0x00000000000275cf                rpl_neighbor_is_reachable
                0x000000000002761a                rpl_neighbor_is_parent
                0x0000000000027644                rpl_neighbor_set_preferred_parent
                0x00000000000276db                rpl_neighbor_remove_all
                0x0000000000027737                rpl_neighbor_get_from_ipaddr
                0x0000000000027845                rpl_neighbor_select_best
                0x00000000000278f1                rpl_neighbor_init
 .text          0x0000000000027910      0xe69 build/cooja/mtype465.a(rpl-dag.o)
                0x0000000000027910                rpl_dag_state_to_str
                0x000000000002794f                rpl_dag_get_root_ipaddr
                0x0000000000027997                rpl_dag_leave
                0x0000000000027a20                rpl_dag_poison_and_leave
                0x0000000000027a38                rpl_dag_periodic
                0x0000000000027ac0                rpl_is_addr_in_our_dag
                0x0000000000027b04                rpl_get_default_instance
                0x0000000000027b20                rpl_get_any_dag
                0x0000000000027b79                rpl_refresh_routes
                0x0000000000027bb9                rpl_global_repair
                0x0000000000027c52                rpl_local_repair
                0x0000000000027c9c                rpl_dag_ready_to_advertise
                0x0000000000027cdf                rpl_dag_update_state
                0x000000000002840c                rpl_process_dio
                0x000000000002848a                rpl_process_dis
                0x00000000000284cf                rpl_process_dao
                0x000000000002855e                rpl_process_dao_ack
                0x00000000000285f5                rpl_process_hbh
                0x0000000000028645                rpl_dag_init_root
                0x0000000000028759                rpl_dag_init
 .text          0x0000000000028779      0x9e7 build/cooja/mtype465.a(rpl-timers.o)
                0x0000000000028779                rpl_timers_schedule_periodic_dis
                0x00000000000288c7                rpl_timers_dio_reset
                0x00000000000289d5                rpl_timers_schedule_unicast_dio
                0x0000000000028b29                rpl_timers_schedule_dao
                0x0000000000028be8                rpl_timers_schedule_dao_ack
                0x0000000000028c6e                rpl_timers_notify_dao_ack
                0x0000000000028ccc                get_probing_delay
                0x0000000000028d00                get_probing_target
                0x0000000000028eea                rpl_schedule_probing
                0x0000000000028f18                rpl_schedule_probing_now
                0x0000000000028f82                rpl_timers_unschedule_leaving
                0x0000000000028fba                rpl_timers_schedule_leaving
                0x0000000000028ffb                rpl_timers_init
                0x000000000002908b                rpl_timers_stop_dag_timers
                0x0000000000029104                rpl_timers_unschedule_state_update
                0x0000000000029128                rpl_timers_schedule_state_update
 .text          0x0000000000029160      0xb8e build/cooja/mtype465.a(rpl-ext-header.)
                0x0000000000029160                rpl_ext_header_srh_get_next_hop
                0x0000000000029247                rpl_ext_header_srh_update
                0x00000000000297b3                rpl_ext_header_hbh_update
                0x0000000000029ab3                rpl_ext_header_update
                0x0000000000029b3c                rpl_ext_header_remove
 .text          0x0000000000029cee      0x31b build/cooja/mtype465.a(rpl-mrhof.o)
 *fill*         0x000000000002a009        0x7 
 .text          0x000000000002a010      0x122 /usr/lib/gcc/i686-linux-gnu/5/libgcc.a(_udivdi3.o)
                0x000000000002a010                __udivdi3
 .text          0x000000000002a132        0x0 /usr/lib/gcc/i686-linux-gnu/5/crtendS.o
 .text          0x000000000002a132        0x0 /usr/lib/gcc/i686-linux-gnu/5/../../../i386-linux-gnu/crtn.o
 *(.gnu.warning)

.fini           0x000000000002a134       0x14
 *(SORT(.fini))
 .fini          0x000000000002a134        0xf /usr/lib/gcc/i686-linux-gnu/5/../../../i386-linux-gnu/crti.o
                0x000000000002a134                _fini
 .fini          0x000000000002a143        0x5 /usr/lib/gcc/i686-linux-gnu/5/../../../i386-linux-gnu/crtn.o
                [!provide]                        PROVIDE (__etext, .)
                [!provide]                        PROVIDE (_etext, .)
                [!provide]                        PROVIDE (etext, .)

.rodata         0x000000000002a160      0xc8b
 *(.rodata .rodata.* .gnu.linkonce.r.*)
 .rodata        0x000000000002a160       0x87 cool_node.o
                0x000000000002a16c                autostart_processes
 *fill*         0x000000000002a1e7        0x1 
 .rodata        0x000000000002a1e8        0x8 build/cooja/mtype465.a(beep.o)
                0x000000000002a1e8                beep_interface
 .rodata        0x000000000002a1f0        0xe build/cooja/mtype465.a(leds-arch.o)
                0x000000000002a1f0                leds_interface
                0x000000000002a1f8                leds_arch_leds
 *fill*         0x000000000002a1fe        0x2 
 .rodata        0x000000000002a200        0x8 build/cooja/mtype465.a(moteid.o)
                0x000000000002a200                moteid_interface
 .rodata        0x000000000002a208       0x1c build/cooja/mtype465.a(pir-sensor.o)
                0x000000000002a208                pir_interface
                0x000000000002a214                pir_sensor
 .rodata        0x000000000002a224        0xe build/cooja/mtype465.a(rs232.o)
                0x000000000002a224                rs232_interface
 *fill*         0x000000000002a232        0x2 
 .rodata        0x000000000002a234       0x24 build/cooja/mtype465.a(vib-sensor.o)
                0x000000000002a234                vib_interface
                0x000000000002a248                vib_sensor
 .rodata        0x000000000002a258        0x8 build/cooja/mtype465.a(clock.o)
                0x000000000002a258                clock_interface
 .rodata        0x000000000002a260        0x8 build/cooja/mtype465.a(cooja-log.o)
                0x000000000002a260                simlog_interface
 .rodata        0x000000000002a268       0x2f build/cooja/mtype465.a(cfs-cooja.o)
                0x000000000002a268                cfs_interface
 *fill*         0x000000000002a297        0x9 
 .rodata        0x000000000002a2a0       0xb8 build/cooja/mtype465.a(cooja-radio.o)
                0x000000000002a2a0                radio_interface
                0x000000000002a320                cooja_radio_driver
 .rodata        0x000000000002a358        0x8 build/cooja/mtype465.a(eeprom.o)
                0x000000000002a358                eeprom_interface
 .rodata        0x000000000002a360        0x8 build/cooja/mtype465.a(sensors.o)
 .rodata        0x000000000002a368       0x2c build/cooja/mtype465.a(buttons.o)
                0x000000000002a368                button_interface
                0x000000000002a37c                button_hal_button_count
                0x000000000002a384                button_sensor
 .rodata        0x000000000002a394      0x18c build/cooja/mtype465.a(res_cooler.o)
 .rodata        0x000000000002a520      0x118 build/cooja/mtype465.a(res_temperature)
 .rodata        0x000000000002a638       0x41 build/cooja/mtype465.a(coap-engine.o)
 .rodata        0x000000000002a679       0x19 build/cooja/mtype465.a(coap-res-well-k)
 .rodata        0x000000000002a692       0x11 build/cooja/mtype465.a(coap-observe.o)
 .rodata        0x000000000002a6a3       0x35 build/cooja/mtype465.a(coap-uip.o)
 .rodata        0x000000000002a6d8      0x1ac build/cooja/mtype465.a(coap.o)
 .rodata        0x000000000002a884       0xf8 build/cooja/mtype465.a(contiki-main.o)
 .rodata        0x000000000002a97c        0xf build/cooja/mtype465.a(ctimer.o)
 *fill*         0x000000000002a98b        0x1 
 .rodata        0x000000000002a98c       0xc4 build/cooja/mtype465.a(log.o)
 .rodata        0x000000000002aa50        0xc build/cooja/mtype465.a(etimer.o)
 .rodata        0x000000000002aa5c       0x13 build/cooja/mtype465.a(button-hal.o)
 .rodata        0x000000000002aa6f        0xe build/cooja/mtype465.a(serial-line.o)
 *fill*         0x000000000002aa7d        0x3 
 .rodata        0x000000000002aa80        0x8 build/cooja/mtype465.a(linkaddr.o)
                0x000000000002aa80                linkaddr_null
 .rodata        0x000000000002aa88       0x24 build/cooja/mtype465.a(csma.o)
                0x000000000002aa90                csma_driver
 .rodata        0x000000000002aaac       0x2a build/cooja/mtype465.a(csma-output.o)
 *fill*         0x000000000002aad6        0x2 
 .rodata        0x000000000002aad8       0x4d build/cooja/mtype465.a(uip-ds6-route.o)
 .rodata        0x000000000002ab25        0xd build/cooja/mtype465.a(tcpip.o)
 *fill*         0x000000000002ab32        0x2 
 .rodata        0x000000000002ab34       0x30 build/cooja/mtype465.a(sicslowpan.o)
                0x000000000002ab34                unc_llconf
                0x000000000002ab38                unc_ctxconf
                0x000000000002ab3c                unc_mxconf
                0x000000000002ab40                llprefix
                0x000000000002ab54                sicslowpan_driver
 .rodata        0x000000000002ab64       0x2d build/cooja/mtype465.a(uiplib.o)
 *fill*         0x000000000002ab91        0xf 
 .rodata        0x000000000002aba0       0x74 build/cooja/mtype465.a(rpl.o)
                0x000000000002abc0                rpl_lite_driver
 .rodata        0x000000000002ac14       0x20 build/cooja/mtype465.a(coap-timer-defa)
                0x000000000002ac28                coap_timer_default_driver
 .rodata        0x000000000002ac34       0x25 build/cooja/mtype465.a(assert.o)
 *fill*         0x000000000002ac59        0x3 
 .rodata        0x000000000002ac5c        0xc build/cooja/mtype465.a(framer-802154.o)
                0x000000000002ac5c                framer_802154
 .rodata        0x000000000002ac68       0x44 build/cooja/mtype465.a(uip-sr.o)
 .rodata        0x000000000002acac       0x58 build/cooja/mtype465.a(rpl-neighbor.o)
 .rodata        0x000000000002ad04       0xdb build/cooja/mtype465.a(rpl-dag.o)
 .rodata        0x000000000002addf        0xc build/cooja/mtype465.a(rpl-timers.o)

.rodata1
 *(.rodata1)

.eh_frame_hdr   0x000000000002adec     0x19e4
 *(.eh_frame_hdr)
 .eh_frame_hdr  0x000000000002adec     0x19e4 cool_node.o
                0x000000000002adec                __GNU_EH_FRAME_HDR
 *(.eh_frame_entry .eh_frame_entry.*)

.eh_frame       0x000000000002c7d0     0x6908
 *(.eh_frame)
 .eh_frame      0x000000000002c7d0       0x3c /usr/lib/gcc/i686-linux-gnu/5/../../../i386-linux-gnu/crti.o
                                         0x40 (size before relaxing)
 .eh_frame      0x000000000002c80c       0x40 cool_node.o
                                         0x58 (size before relaxing)
 .eh_frame      0x000000000002c84c      0x178 build/cooja/mtype465.o
                                        0x190 (size before relaxing)
 .eh_frame      0x000000000002c9c4       0x40 build/cooja/mtype465.a(simEnvChange.o)
                                         0x58 (size before relaxing)
 .eh_frame      0x000000000002ca04       0x60 build/cooja/mtype465.a(cooja_mt.o)
                                         0x78 (size before relaxing)
 .eh_frame      0x000000000002ca64       0x80 build/cooja/mtype465.a(cooja_mtarch.o)
                                         0x98 (size before relaxing)
 .eh_frame      0x000000000002cae4       0xc8 build/cooja/mtype465.a(rtimer-arch.o)
                                         0xe0 (size before relaxing)
 .eh_frame      0x000000000002cbac      0x160 build/cooja/mtype465.a(beep.o)
                                        0x178 (size before relaxing)
 .eh_frame      0x000000000002cd0c       0x80 build/cooja/mtype465.a(leds-arch.o)
                                         0x98 (size before relaxing)
 .eh_frame      0x000000000002cd8c       0x40 build/cooja/mtype465.a(moteid.o)
                                         0x58 (size before relaxing)
 .eh_frame      0x000000000002cdcc       0xa0 build/cooja/mtype465.a(pir-sensor.o)
                                         0xb8 (size before relaxing)
 .eh_frame      0x000000000002ce6c      0x100 build/cooja/mtype465.a(rs232.o)
                                        0x118 (size before relaxing)
 .eh_frame      0x000000000002cf6c       0xa0 build/cooja/mtype465.a(vib-sensor.o)
                                         0xb8 (size before relaxing)
 .eh_frame      0x000000000002d00c       0xc0 build/cooja/mtype465.a(clock.o)
                                         0xd8 (size before relaxing)
 .eh_frame      0x000000000002d0cc      0x120 build/cooja/mtype465.a(cooja-log.o)
                                        0x138 (size before relaxing)
 .eh_frame      0x000000000002d1ec      0x160 build/cooja/mtype465.a(cfs-cooja.o)
                                        0x178 (size before relaxing)
 .eh_frame      0x000000000002d34c      0x340 build/cooja/mtype465.a(cooja-radio.o)
                                        0x358 (size before relaxing)
 .eh_frame      0x000000000002d68c       0xa0 build/cooja/mtype465.a(eeprom.o)
                                         0xb8 (size before relaxing)
 .eh_frame      0x000000000002d72c       0x40 build/cooja/mtype465.a(random.o)
                                         0x58 (size before relaxing)
 .eh_frame      0x000000000002d76c       0xc0 build/cooja/mtype465.a(sensors.o)
                                         0xd8 (size before relaxing)
 .eh_frame      0x000000000002d82c      0x120 build/cooja/mtype465.a(leds.o)
                                        0x138 (size before relaxing)
 .eh_frame      0x000000000002d94c      0x220 build/cooja/mtype465.a(gpio-hal-arch.o)
                                        0x238 (size before relaxing)
 .eh_frame      0x000000000002db6c       0xa0 build/cooja/mtype465.a(buttons.o)
                                         0xb8 (size before relaxing)
 .eh_frame      0x000000000002dc0c       0x40 build/cooja/mtype465.a(res_cooler.o)
                                         0x58 (size before relaxing)
 .eh_frame      0x000000000002dc4c       0x40 build/cooja/mtype465.a(res_temperature)
                                         0x58 (size before relaxing)
 .eh_frame      0x000000000002dc8c       0x44 build/cooja/mtype465.a(coap-blocking-a)
                                         0x5c (size before relaxing)
 .eh_frame      0x000000000002dcd0      0x220 build/cooja/mtype465.a(coap-engine.o)
                                        0x238 (size before relaxing)
 .eh_frame      0x000000000002def0       0x24 build/cooja/mtype465.a(coap-res-well-k)
                                         0x3c (size before relaxing)
 .eh_frame      0x000000000002df14      0x188 build/cooja/mtype465.a(coap-observe.o)
                                        0x1a0 (size before relaxing)
 .eh_frame      0x000000000002e09c      0x250 build/cooja/mtype465.a(coap-uip.o)
                                        0x268 (size before relaxing)
 .eh_frame      0x000000000002e2ec      0x114 build/cooja/mtype465.a(coap-timer.o)
                                        0x12c (size before relaxing)
 .eh_frame      0x000000000002e400      0x100 build/cooja/mtype465.a(coap-transactio)
                                        0x118 (size before relaxing)
 .eh_frame      0x000000000002e500      0x6ec build/cooja/mtype465.a(coap.o)
                                        0x704 (size before relaxing)
 .eh_frame      0x000000000002ebec       0x30 build/cooja/mtype465.a(contiki-main.o)
                                         0x48 (size before relaxing)
 .eh_frame      0x000000000002ec1c       0x40 build/cooja/mtype465.a(autostart.o)
                                         0x58 (size before relaxing)
 .eh_frame      0x000000000002ec5c      0x100 build/cooja/mtype465.a(ctimer.o)
                                        0x118 (size before relaxing)
 .eh_frame      0x000000000002ed5c      0x100 build/cooja/mtype465.a(log.o)
                                        0x118 (size before relaxing)
 .eh_frame      0x000000000002ee5c       0x60 build/cooja/mtype465.a(energest.o)
                                         0x78 (size before relaxing)
 .eh_frame      0x000000000002eebc      0x1e0 build/cooja/mtype465.a(etimer.o)
                                        0x1f8 (size before relaxing)
 .eh_frame      0x000000000002f09c       0x20 build/cooja/mtype465.a(node-id.o)
                                         0x38 (size before relaxing)
 .eh_frame      0x000000000002f0bc       0x60 build/cooja/mtype465.a(rtimer.o)
                                         0x78 (size before relaxing)
 .eh_frame      0x000000000002f11c      0x1c4 build/cooja/mtype465.a(process.o)
                                        0x1dc (size before relaxing)
 .eh_frame      0x000000000002f2e0       0xa4 build/cooja/mtype465.a(timer.o)
                                         0xbc (size before relaxing)
 .eh_frame      0x000000000002f384      0x1a0 build/cooja/mtype465.a(list.o)
                                        0x1b8 (size before relaxing)
 .eh_frame      0x000000000002f524       0xa0 build/cooja/mtype465.a(memb.o)
                                         0xb8 (size before relaxing)
 .eh_frame      0x000000000002f5c4      0x144 build/cooja/mtype465.a(button-hal.o)
                                        0x15c (size before relaxing)
 .eh_frame      0x000000000002f708       0x60 build/cooja/mtype465.a(serial-line.o)
                                         0x78 (size before relaxing)
 .eh_frame      0x000000000002f768       0xe0 build/cooja/mtype465.a(gpio-hal.o)
                                         0xf8 (size before relaxing)
 .eh_frame      0x000000000002f848      0x1a0 build/cooja/mtype465.a(queuebuf.o)
                                        0x1b8 (size before relaxing)
 .eh_frame      0x000000000002f9e8      0x28c build/cooja/mtype465.a(packetbuf.o)
                                        0x2a4 (size before relaxing)
 .eh_frame      0x000000000002fc74       0x80 build/cooja/mtype465.a(netstack.o)
                                         0x98 (size before relaxing)
 .eh_frame      0x000000000002fcf4       0x60 build/cooja/mtype465.a(linkaddr.o)
                                         0x78 (size before relaxing)
 .eh_frame      0x000000000002fd54       0xe0 build/cooja/mtype465.a(csma.o)
                                         0xf8 (size before relaxing)
 .eh_frame      0x000000000002fe34      0x1d0 build/cooja/mtype465.a(csma-output.o)
                                        0x1e8 (size before relaxing)
 .eh_frame      0x0000000000030004      0x328 build/cooja/mtype465.a(uip-ds6.o)
                                        0x340 (size before relaxing)
 .eh_frame      0x000000000003032c       0x40 build/cooja/mtype465.a(uip-udp-packet.)
                                         0x58 (size before relaxing)
 .eh_frame      0x000000000003036c      0x220 build/cooja/mtype465.a(uip-ds6-route.o)
                                        0x238 (size before relaxing)
 .eh_frame      0x000000000003058c      0x244 build/cooja/mtype465.a(tcpip.o)
                                        0x25c (size before relaxing)
 .eh_frame      0x00000000000307d0      0x1e8 build/cooja/mtype465.a(uip6.o)
                                        0x200 (size before relaxing)
 .eh_frame      0x00000000000309b8      0x1c0 build/cooja/mtype465.a(uip-ds6-nbr.o)
                                        0x1d8 (size before relaxing)
 .eh_frame      0x0000000000030b78       0x84 build/cooja/mtype465.a(uip-nd6.o)
                                         0x9c (size before relaxing)
 .eh_frame      0x0000000000030bfc      0x2f8 build/cooja/mtype465.a(sicslowpan.o)
                                        0x310 (size before relaxing)
 .eh_frame      0x0000000000030ef4       0x88 build/cooja/mtype465.a(uiplib.o)
                                         0xa0 (size before relaxing)
 .eh_frame      0x0000000000030f7c      0x1e0 build/cooja/mtype465.a(rpl.o)
                                        0x1f8 (size before relaxing)
 .eh_frame      0x000000000003115c      0x1c4 build/cooja/mtype465.a(rpl-icmp6.o)
                                        0x1dc (size before relaxing)
 .eh_frame      0x0000000000031320       0xa0 build/cooja/mtype465.a(rpl-dag-root.o)
                                         0xb8 (size before relaxing)
 .eh_frame      0x00000000000313c0       0xa0 build/cooja/mtype465.a(watchdog.o)
                                         0xb8 (size before relaxing)
 .eh_frame      0x0000000000031460       0x80 build/cooja/mtype465.a(int-master.o)
                                         0x98 (size before relaxing)
 .eh_frame      0x00000000000314e0       0xa4 build/cooja/mtype465.a(coap-timer-defa)
                                         0xbc (size before relaxing)
 .eh_frame      0x0000000000031584       0xc4 build/cooja/mtype465.a(stimer.o)
                                         0xdc (size before relaxing)
 .eh_frame      0x0000000000031648       0xa0 build/cooja/mtype465.a(ringbuf.o)
                                         0xb8 (size before relaxing)
 .eh_frame      0x00000000000316e8       0x20 build/cooja/mtype465.a(assert.o)
                                         0x38 (size before relaxing)
 .eh_frame      0x0000000000031708      0x2ac build/cooja/mtype465.a(nbr-table.o)
                                        0x2c4 (size before relaxing)
 .eh_frame      0x00000000000319b4      0x120 build/cooja/mtype465.a(link-stats.o)
                                        0x138 (size before relaxing)
 .eh_frame      0x0000000000031ad4       0x48 build/cooja/mtype465.a(mac-sequence.o)
                                         0x60 (size before relaxing)
 .eh_frame      0x0000000000031b1c       0x20 build/cooja/mtype465.a(mac.o)
                                         0x38 (size before relaxing)
 .eh_frame      0x0000000000031b3c       0xa4 build/cooja/mtype465.a(framer-802154.o)
                                         0xbc (size before relaxing)
 .eh_frame      0x0000000000031be0      0x1a4 build/cooja/mtype465.a(frame802154.o)
                                        0x1bc (size before relaxing)
 .eh_frame      0x0000000000031d84       0x40 build/cooja/mtype465.a(csma-security.o)
                                         0x58 (size before relaxing)
 .eh_frame      0x0000000000031dc4      0x200 build/cooja/mtype465.a(uipbuf.o)
                                        0x218 (size before relaxing)
 .eh_frame      0x0000000000031fc4      0x150 build/cooja/mtype465.a(uip-icmp6.o)
                                        0x168 (size before relaxing)
 .eh_frame      0x0000000000032114      0x184 build/cooja/mtype465.a(uip-sr.o)
                                        0x19c (size before relaxing)
 .eh_frame      0x0000000000032298       0xe0 build/cooja/mtype465.a(uip-packetqueue)
                                         0xf8 (size before relaxing)
 .eh_frame      0x0000000000032378       0x80 build/cooja/mtype465.a(rpl-nbr-policy.)
                                         0x98 (size before relaxing)
 .eh_frame      0x00000000000323f8      0x2d4 build/cooja/mtype465.a(rpl-neighbor.o)
                                        0x2ec (size before relaxing)
 .eh_frame      0x00000000000326cc      0x370 build/cooja/mtype465.a(rpl-dag.o)
                                        0x388 (size before relaxing)
 .eh_frame      0x0000000000032a3c      0x3a8 build/cooja/mtype465.a(rpl-timers.o)
                                        0x3c0 (size before relaxing)
 .eh_frame      0x0000000000032de4      0x124 build/cooja/mtype465.a(rpl-ext-header.)
                                        0x13c (size before relaxing)
 .eh_frame      0x0000000000032f08      0x148 build/cooja/mtype465.a(rpl-mrhof.o)
                                        0x160 (size before relaxing)
 .eh_frame      0x0000000000033050       0x84 /usr/lib/gcc/i686-linux-gnu/5/libgcc.a(_udivdi3.o)
                                         0x9c (size before relaxing)
 .eh_frame      0x00000000000330d4        0x4 /usr/lib/gcc/i686-linux-gnu/5/crtendS.o
 *(.eh_frame.*)

.gcc_except_table
 *(.gcc_except_table .gcc_except_table.*)

.gnu_extab
 *(.gnu_extab*)

.exception_ranges
 *(.exception_ranges .exception_ranges*)
                0x0000000000034f10                . = DATA_SEGMENT_ALIGN (0x1000, 0x1000)

.eh_frame
 *(.eh_frame)
 *(.eh_frame.*)

.gnu_extab
 *(.gnu_extab)

.gcc_except_table
 *(.gcc_except_table .gcc_except_table.*)

.exception_ranges
 *(.exception_ranges .exception_ranges*)

.tdata
 *(.tdata .tdata.* .gnu.linkonce.td.*)

.tbss
 *(.tbss .tbss.* .gnu.linkonce.tb.*)
 *(.tcommon)

.preinit_array
 *(.preinit_array)

.init_array     0x0000000000034f10        0x4
 *(SORT(.init_array.*) SORT(.ctors.*))
 *(.init_array EXCLUDE_FILE(*crtend?.o *crtend.o *crtbegin?.o *crtbegin.o) .ctors)
 .init_array    0x0000000000034f10        0x4 /usr/lib/gcc/i686-linux-gnu/5/crtbeginS.o

.fini_array     0x0000000000034f14        0x4
 *(SORT(.fini_array.*) SORT(.dtors.*))
 *(.fini_array EXCLUDE_FILE(*crtend?.o *crtend.o *crtbegin?.o *crtbegin.o) .dtors)
 .fini_array    0x0000000000034f14        0x4 /usr/lib/gcc/i686-linux-gnu/5/crtbeginS.o

.ctors
 *crtbegin.o(.ctors)
 *crtbegin?.o(.ctors)
 *(EXCLUDE_FILE(*crtend?.o *crtend.o) .ctors)
 *(SORT(.ctors.*))
 *(.ctors)

.dtors
 *crtbegin.o(.dtors)
 *crtbegin?.o(.dtors)
 *(EXCLUDE_FILE(*crtend?.o *crtend.o) .dtors)
 *(SORT(.dtors.*))
 *(.dtors)

.jcr            0x0000000000034f18        0x4
 *(.jcr)
 .jcr           0x0000000000034f18        0x0 /usr/lib/gcc/i686-linux-gnu/5/crtbeginS.o
 .jcr           0x0000000000034f18        0x4 /usr/lib/gcc/i686-linux-gnu/5/crtendS.o

.data.rel.ro
 *(.data.rel.ro.local* .gnu.linkonce.d.rel.ro.local.*)
 *(.data.rel.ro .data.rel.ro.* .gnu.linkonce.d.rel.ro.*)

.dynamic        0x0000000000034f1c       0xd0
 *(.dynamic)
 .dynamic       0x0000000000034f1c       0xd0 /usr/lib/gcc/i686-linux-gnu/5/../../../i386-linux-gnu/crti.o
                0x0000000000034f1c                _DYNAMIC

.got            0x0000000000034fec       0x14
 *(.got)
 .got           0x0000000000034fec       0x14 /usr/lib/gcc/i686-linux-gnu/5/../../../i386-linux-gnu/crti.o
 *(.igot)
                0x0000000000035ff4                . = DATA_SEGMENT_RELRO_END (., (SIZEOF (.got.plt) >= 0xc)?0xc:0x0)

.got.plt        0x0000000000035000        0xc
 *(.got.plt)
 .got.plt       0x0000000000035000        0xc /usr/lib/gcc/i686-linux-gnu/5/../../../i386-linux-gnu/crti.o
                0x0000000000035000                _GLOBAL_OFFSET_TABLE_
 *(.igot.plt)

.data           0x0000000000035020      0x4c4
 *(.data .data.* .gnu.linkonce.d.*)
 .data          0x0000000000035020        0x0 /usr/lib/gcc/i686-linux-gnu/5/../../../i386-linux-gnu/crti.o
 .data          0x0000000000035020        0x0 /usr/lib/gcc/i686-linux-gnu/5/crtbeginS.o
 .data.rel.local
                0x0000000000035020        0x4 /usr/lib/gcc/i686-linux-gnu/5/crtbeginS.o
                0x0000000000035020                __dso_handle
 .data          0x0000000000035024       0x14 cool_node.o
                0x0000000000035024                sensor_period
                0x0000000000035028                cool_process
 *fill*         0x0000000000035038        0x8 
 .data          0x0000000000035040       0x44 build/cooja/mtype465.o
                0x0000000000035040                simInterfaces
                0x0000000000035074                sensors
 .data          0x0000000000035084        0x0 build/cooja/mtype465.a(simEnvChange.o)
 .data          0x0000000000035084        0x0 build/cooja/mtype465.a(cooja_mt.o)
 .data          0x0000000000035084        0x0 build/cooja/mtype465.a(cooja_mtarch.o)
 .data          0x0000000000035084        0x0 build/cooja/mtype465.a(rtimer-arch.o)
 .data          0x0000000000035084        0x0 build/cooja/mtype465.a(beep.o)
 .data          0x0000000000035084        0x0 build/cooja/mtype465.a(leds-arch.o)
 .data          0x0000000000035084        0x0 build/cooja/mtype465.a(moteid.o)
 .data          0x0000000000035084        0x0 build/cooja/mtype465.a(pir-sensor.o)
 .data          0x0000000000035084        0x0 build/cooja/mtype465.a(rs232.o)
 .data          0x0000000000035084        0x0 build/cooja/mtype465.a(vib-sensor.o)
 .data          0x0000000000035084        0x0 build/cooja/mtype465.a(clock.o)
 .data          0x0000000000035084        0x0 build/cooja/mtype465.a(cooja-log.o)
 .data          0x0000000000035084        0x0 build/cooja/mtype465.a(cfs-cooja.o)
 .data          0x0000000000035084       0x2c build/cooja/mtype465.a(cooja-radio.o)
                0x0000000000035084                simRadioHWOn
                0x0000000000035088                simSignalStrength
                0x000000000003508c                simLastSignalStrength
                0x0000000000035090                simPower
                0x0000000000035094                simRadioChannel
                0x0000000000035098                simLQI
                0x00000000000350a0                cooja_radio_process
 .data          0x00000000000350b0        0x0 build/cooja/mtype465.a(eeprom.o)
 .data          0x00000000000350b0        0x0 build/cooja/mtype465.a(random.o)
 .data          0x00000000000350b0       0x10 build/cooja/mtype465.a(sensors.o)
                0x00000000000350b0                sensors_process
 .data          0x00000000000350c0        0x0 build/cooja/mtype465.a(leds.o)
 .data          0x00000000000350c0        0x0 build/cooja/mtype465.a(gpio-hal-arch.o)
 .data          0x00000000000350c0       0x78 build/cooja/mtype465.a(buttons.o)
                0x00000000000350c0                simButtonIsActive
                0x0000000000035130                button_hal_buttons
 *fill*         0x0000000000035138        0x8 
 .data          0x0000000000035140       0x44 build/cooja/mtype465.a(res_cooler.o)
                0x0000000000035140                max_temp
                0x0000000000035160                res_cooler
 *fill*         0x0000000000035184       0x1c 
 .data          0x00000000000351a0       0x44 build/cooja/mtype465.a(res_temperature)
                0x00000000000351a0                temperature
                0x00000000000351c0                res_temperature
 .data          0x00000000000351e4        0x0 build/cooja/mtype465.a(coap-blocking-a)
 .data          0x00000000000351e4        0x8 build/cooja/mtype465.a(coap-engine.o)
 *fill*         0x00000000000351ec       0x14 
 .data          0x0000000000035200       0x24 build/cooja/mtype465.a(coap-res-well-k)
                0x0000000000035200                res_well_known_core
 .data          0x0000000000035224       0x10 build/cooja/mtype465.a(coap-observe.o)
 .data          0x0000000000035234       0x10 build/cooja/mtype465.a(coap-uip.o)
                0x0000000000035234                coap_engine
 .data          0x0000000000035244        0x4 build/cooja/mtype465.a(coap-timer.o)
 .data          0x0000000000035248       0x10 build/cooja/mtype465.a(coap-transactio)
 .data          0x0000000000035258        0x4 build/cooja/mtype465.a(coap.o)
                0x0000000000035258                coap_error_message
 .data          0x000000000003525c        0x0 build/cooja/mtype465.a(contiki-main.o)
 .data          0x000000000003525c        0x0 build/cooja/mtype465.a(autostart.o)
 .data          0x000000000003525c       0x14 build/cooja/mtype465.a(ctimer.o)
                0x0000000000035260                ctimer_process
 *fill*         0x0000000000035270       0x10 
 .data          0x0000000000035280       0xbc build/cooja/mtype465.a(log.o)
                0x0000000000035280                curr_log_level_main
                0x00000000000352a0                all_modules
 .data          0x000000000003533c        0x0 build/cooja/mtype465.a(energest.o)
 .data          0x000000000003533c       0x10 build/cooja/mtype465.a(etimer.o)
                0x000000000003533c                etimer_process
 .data          0x000000000003534c        0x0 build/cooja/mtype465.a(node-id.o)
 .data          0x000000000003534c        0x0 build/cooja/mtype465.a(rtimer.o)
 .data          0x000000000003534c        0x0 build/cooja/mtype465.a(process.o)
 .data          0x000000000003534c        0x0 build/cooja/mtype465.a(timer.o)
 .data          0x000000000003534c        0x0 build/cooja/mtype465.a(list.o)
 .data          0x000000000003534c        0x0 build/cooja/mtype465.a(memb.o)
 .data          0x000000000003534c       0x10 build/cooja/mtype465.a(button-hal.o)
                0x000000000003534c                button_hal_process
 .data          0x000000000003535c       0x10 build/cooja/mtype465.a(serial-line.o)
                0x000000000003535c                serial_line_process
 .data          0x000000000003536c        0x4 build/cooja/mtype465.a(gpio-hal.o)
 .data          0x0000000000035370       0x18 build/cooja/mtype465.a(queuebuf.o)
 .data          0x0000000000035388        0x4 build/cooja/mtype465.a(packetbuf.o)
 .data          0x000000000003538c        0x4 build/cooja/mtype465.a(netstack.o)
 .data          0x0000000000035390        0x0 build/cooja/mtype465.a(linkaddr.o)
 .data          0x0000000000035390        0x0 build/cooja/mtype465.a(csma.o)
 .data          0x0000000000035390       0x28 build/cooja/mtype465.a(csma-output.o)
 .data          0x00000000000353b8        0x0 build/cooja/mtype465.a(uip-ds6.o)
 .data          0x00000000000353b8        0x0 build/cooja/mtype465.a(uip-udp-packet.)
 .data          0x00000000000353b8       0x10 build/cooja/mtype465.a(uip-ds6-route.o)
 .data          0x00000000000353c8       0x10 build/cooja/mtype465.a(tcpip.o)
                0x00000000000353c8                tcpip_process
 .data          0x00000000000353d8        0x0 build/cooja/mtype465.a(uip6.o)
 .data          0x00000000000353d8       0x14 build/cooja/mtype465.a(uip-ds6-nbr.o)
 .data          0x00000000000353ec        0xc build/cooja/mtype465.a(uip-nd6.o)
 .data          0x00000000000353f8        0x0 build/cooja/mtype465.a(sicslowpan.o)
 .data          0x00000000000353f8        0x0 build/cooja/mtype465.a(uiplib.o)
 .data          0x00000000000353f8        0x0 build/cooja/mtype465.a(rpl.o)
 .data          0x00000000000353f8       0x30 build/cooja/mtype465.a(rpl-icmp6.o)
 .data          0x0000000000035428        0x0 build/cooja/mtype465.a(rpl-dag-root.o)
 .data          0x0000000000035428        0x0 build/cooja/mtype465.a(watchdog.o)
 .data          0x0000000000035428        0x0 build/cooja/mtype465.a(int-master.o)
 .data          0x0000000000035428       0x10 build/cooja/mtype465.a(coap-timer-defa)
                0x0000000000035428                coap_timer_process
 .data          0x0000000000035438        0x0 build/cooja/mtype465.a(stimer.o)
 .data          0x0000000000035438        0x0 build/cooja/mtype465.a(ringbuf.o)
 .data          0x0000000000035438        0x0 build/cooja/mtype465.a(assert.o)
 .data          0x0000000000035438       0x10 build/cooja/mtype465.a(nbr-table.o)
 .data          0x0000000000035448       0x14 build/cooja/mtype465.a(link-stats.o)
 .data          0x000000000003545c        0x0 build/cooja/mtype465.a(mac-sequence.o)
 .data          0x000000000003545c        0x0 build/cooja/mtype465.a(mac.o)
 .data          0x000000000003545c        0x0 build/cooja/mtype465.a(framer-802154.o)
 .data          0x000000000003545c        0x2 build/cooja/mtype465.a(frame802154.o)
 .data          0x000000000003545e        0x0 build/cooja/mtype465.a(csma-security.o)
 .data          0x000000000003545e        0x0 build/cooja/mtype465.a(uipbuf.o)
 *fill*         0x000000000003545e        0x2 
 .data          0x0000000000035460       0x20 build/cooja/mtype465.a(uip-icmp6.o)
 .data          0x0000000000035480       0x10 build/cooja/mtype465.a(uip-sr.o)
 .data          0x0000000000035490        0xc build/cooja/mtype465.a(uip-packetqueue)
 .data          0x000000000003549c        0x0 build/cooja/mtype465.a(rpl-nbr-policy.)
 .data          0x000000000003549c       0x14 build/cooja/mtype465.a(rpl-neighbor.o)
                0x00000000000354ac                rpl_neighbors
 .data          0x00000000000354b0        0x0 build/cooja/mtype465.a(rpl-dag.o)
 .data          0x00000000000354b0        0x0 build/cooja/mtype465.a(rpl-timers.o)
 .data          0x00000000000354b0        0x0 build/cooja/mtype465.a(rpl-ext-header.)
 *fill*         0x00000000000354b0       0x10 
 .data          0x00000000000354c0       0x24 build/cooja/mtype465.a(rpl-mrhof.o)
                0x00000000000354c0                rpl_mrhof
 .data          0x00000000000354e4        0x0 /usr/lib/gcc/i686-linux-gnu/5/libgcc.a(_udivdi3.o)
 .data          0x00000000000354e4        0x0 /usr/lib/gcc/i686-linux-gnu/5/crtendS.o
 .data          0x00000000000354e4        0x0 /usr/lib/gcc/i686-linux-gnu/5/../../../i386-linux-gnu/crtn.o

.tm_clone_table
                0x00000000000354e4        0x0
 .tm_clone_table
                0x00000000000354e4        0x0 /usr/lib/gcc/i686-linux-gnu/5/crtbeginS.o
 .tm_clone_table
                0x00000000000354e4        0x0 /usr/lib/gcc/i686-linux-gnu/5/crtendS.o

.data1
 *(.data1)
                0x00000000000354e4                _edata = .
                [!provide]                        PROVIDE (edata, .)
                0x00000000000354e4                . = .
                0x00000000000354e4                __bss_start = .

.bss            0x0000000000035500    0x13f64
 *(.dynbss)
 .dynbss        0x0000000000035500        0x0 /usr/lib/gcc/i686-linux-gnu/5/../../../i386-linux-gnu/crti.o
 *(.bss .bss.* .gnu.linkonce.b.*)
 .bss           0x0000000000035500        0x0 /usr/lib/gcc/i686-linux-gnu/5/../../../i386-linux-gnu/crti.o
 .bss           0x0000000000035500        0x1 /usr/lib/gcc/i686-linux-gnu/5/crtbeginS.o
 *fill*         0x0000000000035501       0x1f 
 .bss           0x0000000000035520      0x11c cool_node.o
 *fill*         0x000000000003563c        0x4 
 .bss           0x0000000000035640     0x2030 build/cooja/mtype465.o
 .bss           0x0000000000037670        0x1 build/cooja/mtype465.a(simEnvChange.o)
                0x0000000000037670                simDontFallAsleep
 *fill*         0x0000000000037671        0x3 
 .bss           0x0000000000037674        0x4 build/cooja/mtype465.a(cooja_mt.o)
 .bss           0x0000000000037678        0x4 build/cooja/mtype465.a(cooja_mtarch.o)
 .bss           0x000000000003767c        0x0 build/cooja/mtype465.a(rtimer-arch.o)
 .bss           0x000000000003767c        0x0 build/cooja/mtype465.a(beep.o)
 .bss           0x000000000003767c        0x1 build/cooja/mtype465.a(leds-arch.o)
                0x000000000003767c                simLedsValue
 .bss           0x000000000003767d        0x0 build/cooja/mtype465.a(moteid.o)
 .bss           0x000000000003767d        0x1 build/cooja/mtype465.a(pir-sensor.o)
                0x000000000003767d                simPirValue
 *fill*         0x000000000003767e        0x2 
 .bss           0x0000000000037680        0x4 build/cooja/mtype465.a(rs232.o)
 .bss           0x0000000000037684        0x1 build/cooja/mtype465.a(vib-sensor.o)
                0x0000000000037684                simVibValue
 .bss           0x0000000000037685        0x0 build/cooja/mtype465.a(clock.o)
 *fill*         0x0000000000037685       0x1b 
 .bss           0x00000000000376a0     0x2020 build/cooja/mtype465.a(cooja-log.o)
 .bss           0x00000000000396c0      0xfc0 build/cooja/mtype465.a(cfs-cooja.o)
                0x00000000000396c0                simCFSData
                0x000000000003a660                simCFSSize
                0x000000000003a664                simCFSChanged
                0x000000000003a668                simCFSRead
                0x000000000003a66c                simCFSWritten
 .bss           0x000000000003a680       0x24 build/cooja/mtype465.a(cooja-radio.o)
                0x000000000003a680                simReceiving
                0x000000000003a684                simInSize
                0x000000000003a688                simLastPacketTimestamp
                0x000000000003a690                simOutSize
 .bss           0x000000000003a6a4        0xc build/cooja/mtype465.a(eeprom.o)
                0x000000000003a6a4                simEEPROMChanged
                0x000000000003a6a8                simEEPROMRead
                0x000000000003a6ac                simEEPROMWritten
 .bss           0x000000000003a6b0        0x0 build/cooja/mtype465.a(random.o)
 .bss           0x000000000003a6b0        0xc build/cooja/mtype465.a(sensors.o)
 .bss           0x000000000003a6bc        0x0 build/cooja/mtype465.a(leds.o)
 .bss           0x000000000003a6bc       0x24 build/cooja/mtype465.a(gpio-hal-arch.o)
 .bss           0x000000000003a6e0        0x0 build/cooja/mtype465.a(buttons.o)
 .bss           0x000000000003a6e0        0x1 build/cooja/mtype465.a(res_cooler.o)
                0x000000000003a6e0                forced_cooling
 *fill*         0x000000000003a6e1        0x3 
 .bss           0x000000000003a6e4        0xc build/cooja/mtype465.a(res_temperature)
                0x000000000003a6e4                cooling
                0x000000000003a6e8                cycles_of_active_cooling
                0x000000000003a6ec                warn_level
 .bss           0x000000000003a6f0        0x0 build/cooja/mtype465.a(coap-blocking-a)
 *fill*         0x000000000003a6f0       0x10 
 .bss           0x000000000003a700      0x190 build/cooja/mtype465.a(coap-engine.o)
 .bss           0x000000000003a890        0x0 build/cooja/mtype465.a(coap-res-well-k)
 *fill*         0x000000000003a890       0x10 
 .bss           0x000000000003a8a0      0x120 build/cooja/mtype465.a(coap-observe.o)
 .bss           0x000000000003a9c0       0x18 build/cooja/mtype465.a(coap-uip.o)
 .bss           0x000000000003a9d8        0x5 build/cooja/mtype465.a(coap-timer.o)
 *fill*         0x000000000003a9dd        0x3 
 .bss           0x000000000003a9e0      0x334 build/cooja/mtype465.a(coap-transactio)
 .bss           0x000000000003ad14        0x6 build/cooja/mtype465.a(coap.o)
                0x000000000003ad14                coap_status_code
 .bss           0x000000000003ad1a        0x0 build/cooja/mtype465.a(contiki-main.o)
 .bss           0x000000000003ad1a        0x0 build/cooja/mtype465.a(autostart.o)
 *fill*         0x000000000003ad1a        0x2 
 .bss           0x000000000003ad1c        0x5 build/cooja/mtype465.a(ctimer.o)
 *fill*         0x000000000003ad21        0x3 
 .bss           0x000000000003ad24       0x2c build/cooja/mtype465.a(log.o)
                0x000000000003ad24                curr_log_level_rpl
                0x000000000003ad28                curr_log_level_tcpip
                0x000000000003ad2c                curr_log_level_ipv6
                0x000000000003ad30                curr_log_level_6lowpan
                0x000000000003ad34                curr_log_level_nullnet
                0x000000000003ad38                curr_log_level_mac
                0x000000000003ad3c                curr_log_level_framer
                0x000000000003ad40                curr_log_level_6top
                0x000000000003ad44                curr_log_level_coap
                0x000000000003ad48                curr_log_level_snmp
                0x000000000003ad4c                curr_log_level_lwm2m
 .bss           0x000000000003ad50        0x0 build/cooja/mtype465.a(energest.o)
 .bss           0x000000000003ad50        0x8 build/cooja/mtype465.a(etimer.o)
 .bss           0x000000000003ad58        0x2 build/cooja/mtype465.a(node-id.o)
                0x000000000003ad58                node_id
 *fill*         0x000000000003ad5a        0x2 
 .bss           0x000000000003ad5c        0x4 build/cooja/mtype465.a(rtimer.o)
 .bss           0x000000000003ad60      0x1a1 build/cooja/mtype465.a(process.o)
                0x000000000003ad60                process_list
                0x000000000003ad64                process_current
 .bss           0x000000000003af01        0x0 build/cooja/mtype465.a(timer.o)
 .bss           0x000000000003af01        0x0 build/cooja/mtype465.a(list.o)
 .bss           0x000000000003af01        0x0 build/cooja/mtype465.a(memb.o)
 *fill*         0x000000000003af01        0x3 
 .bss           0x000000000003af04       0x10 build/cooja/mtype465.a(button-hal.o)
 *fill*         0x000000000003af14        0xc 
 .bss           0x000000000003af20      0x140 build/cooja/mtype465.a(serial-line.o)
 .bss           0x000000000003b060        0x4 build/cooja/mtype465.a(gpio-hal.o)
 *fill*         0x000000000003b064       0x1c 
 .bss           0x000000000003b080     0x2c80 build/cooja/mtype465.a(queuebuf.o)
 .bss           0x000000000003dd00       0xa0 build/cooja/mtype465.a(packetbuf.o)
 .bss           0x000000000003dda0        0x4 build/cooja/mtype465.a(netstack.o)
 .bss           0x000000000003dda4        0x0 build/cooja/mtype465.a(linkaddr.o)
 .bss           0x000000000003dda4        0x0 build/cooja/mtype465.a(csma.o)
 *fill*         0x000000000003dda4       0x1c 
 .bss           0x000000000003ddc0      0x726 build/cooja/mtype465.a(csma-output.o)
 *fill*         0x000000000003e4e6        0x2 
 .bss           0x000000000003e4e8       0x30 build/cooja/mtype465.a(uip-ds6.o)
 .bss           0x000000000003e518        0x0 build/cooja/mtype465.a(uip-udp-packet.)
 *fill*         0x000000000003e518        0x8 
 .bss           0x000000000003e520       0x60 build/cooja/mtype465.a(uip-ds6-route.o)
 .bss           0x000000000003e580       0x10 build/cooja/mtype465.a(tcpip.o)